Archive member included to satisfy reference by file (symbol)

c:/nxp/mcuxpressoide_11.1.0_3209/ide/plugins/com.nxp.mcuxpresso.tools.win32_11.1.0.201909161352/tools/bin/../lib/gcc/arm-none-eabi/8.3.1/../../../../arm-none-eabi/lib/thumb/v6-m/nofp\libcr_semihost_nf.a(_cr__main.o)
                              ./startup/startup_mkl25z4.o (__main)
c:/nxp/mcuxpressoide_11.1.0_3209/ide/plugins/com.nxp.mcuxpresso.tools.win32_11.1.0.201909161352/tools/bin/../lib/gcc/arm-none-eabi/8.3.1/../../../../arm-none-eabi/lib/thumb/v6-m/nofp\libcr_semihost_nf.a(_cr_assert.o)
                              ./drivers/fsl_clock.o (__assertion_failed)
c:/nxp/mcuxpressoide_11.1.0_3209/ide/plugins/com.nxp.mcuxpresso.tools.win32_11.1.0.201909161352/tools/bin/../lib/gcc/arm-none-eabi/8.3.1/../../../../arm-none-eabi/lib/thumb/v6-m/nofp\libcr_semihost_nf.a(__ciob.o)
                              c:/nxp/mcuxpressoide_11.1.0_3209/ide/plugins/com.nxp.mcuxpresso.tools.win32_11.1.0.201909161352/tools/bin/../lib/gcc/arm-none-eabi/8.3.1/../../../../arm-none-eabi/lib/thumb/v6-m/nofp\libcr_semihost_nf.a(_cr_assert.o) (__Ciob)
c:/nxp/mcuxpressoide_11.1.0_3209/ide/plugins/com.nxp.mcuxpresso.tools.win32_11.1.0.201909161352/tools/bin/../lib/gcc/arm-none-eabi/8.3.1/../../../../arm-none-eabi/lib/thumb/v6-m/nofp\libcr_semihost_nf.a(__sys_appexit.o)
                              c:/nxp/mcuxpressoide_11.1.0_3209/ide/plugins/com.nxp.mcuxpresso.tools.win32_11.1.0.201909161352/tools/bin/../lib/gcc/arm-none-eabi/8.3.1/../../../../arm-none-eabi/lib/thumb/v6-m/nofp\libcr_semihost_nf.a(_cr_assert.o) (__sys_appexit)
c:/nxp/mcuxpressoide_11.1.0_3209/ide/plugins/com.nxp.mcuxpresso.tools.win32_11.1.0.201909161352/tools/bin/../lib/gcc/arm-none-eabi/8.3.1/../../../../arm-none-eabi/lib/thumb/v6-m/nofp\libcr_c.a(memcpy.o)
                              ./freertos/queue.o (memcpy)
c:/nxp/mcuxpressoide_11.1.0_3209/ide/plugins/com.nxp.mcuxpresso.tools.win32_11.1.0.201909161352/tools/bin/../lib/gcc/arm-none-eabi/8.3.1/../../../../arm-none-eabi/lib/thumb/v6-m/nofp\libcr_c.a(memset.o)
                              ./freertos/tasks.o (memset)
c:/nxp/mcuxpressoide_11.1.0_3209/ide/plugins/com.nxp.mcuxpresso.tools.win32_11.1.0.201909161352/tools/bin/../lib/gcc/arm-none-eabi/8.3.1/../../../../arm-none-eabi/lib/thumb/v6-m/nofp\libcr_c.a(_deferredlazyseek.o)
                              c:/nxp/mcuxpressoide_11.1.0_3209/ide/plugins/com.nxp.mcuxpresso.tools.win32_11.1.0.201909161352/tools/bin/../lib/gcc/arm-none-eabi/8.3.1/../../../../arm-none-eabi/lib/thumb/v6-m/nofp\libcr_semihost_nf.a(_cr_assert.o) (__flsbuf)
c:/nxp/mcuxpressoide_11.1.0_3209/ide/plugins/com.nxp.mcuxpresso.tools.win32_11.1.0.201909161352/tools/bin/../lib/gcc/arm-none-eabi/8.3.1/../../../../arm-none-eabi/lib/thumb/v6-m/nofp\libcr_c.a(_fflush.o)
                              c:/nxp/mcuxpressoide_11.1.0_3209/ide/plugins/com.nxp.mcuxpresso.tools.win32_11.1.0.201909161352/tools/bin/../lib/gcc/arm-none-eabi/8.3.1/../../../../arm-none-eabi/lib/thumb/v6-m/nofp\libcr_c.a(_deferredlazyseek.o) (_fflush)
c:/nxp/mcuxpressoide_11.1.0_3209/ide/plugins/com.nxp.mcuxpresso.tools.win32_11.1.0.201909161352/tools/bin/../lib/gcc/arm-none-eabi/8.3.1/../../../../arm-none-eabi/lib/thumb/v6-m/nofp\libcr_c.a(_writebuf.o)
                              c:/nxp/mcuxpressoide_11.1.0_3209/ide/plugins/com.nxp.mcuxpresso.tools.win32_11.1.0.201909161352/tools/bin/../lib/gcc/arm-none-eabi/8.3.1/../../../../arm-none-eabi/lib/thumb/v6-m/nofp\libcr_c.a(_deferredlazyseek.o) (_Cwritebuf)
c:/nxp/mcuxpressoide_11.1.0_3209/ide/plugins/com.nxp.mcuxpresso.tools.win32_11.1.0.201909161352/tools/bin/../lib/gcc/arm-none-eabi/8.3.1/../../../../arm-none-eabi/lib/thumb/v6-m/nofp\libcr_c.a(alloc.o)
                              c:/nxp/mcuxpressoide_11.1.0_3209/ide/plugins/com.nxp.mcuxpresso.tools.win32_11.1.0.201909161352/tools/bin/../lib/gcc/arm-none-eabi/8.3.1/../../../../arm-none-eabi/lib/thumb/v6-m/nofp\libcr_c.a(_deferredlazyseek.o) (_Csys_alloc)
c:/nxp/mcuxpressoide_11.1.0_3209/ide/plugins/com.nxp.mcuxpresso.tools.win32_11.1.0.201909161352/tools/bin/../lib/gcc/arm-none-eabi/8.3.1/../../../../arm-none-eabi/lib/thumb/v6-m/nofp\libcr_c.a(fputs.o)
                              c:/nxp/mcuxpressoide_11.1.0_3209/ide/plugins/com.nxp.mcuxpresso.tools.win32_11.1.0.201909161352/tools/bin/../lib/gcc/arm-none-eabi/8.3.1/../../../../arm-none-eabi/lib/thumb/v6-m/nofp\libcr_semihost_nf.a(_cr_assert.o) (fputs)
c:/nxp/mcuxpressoide_11.1.0_3209/ide/plugins/com.nxp.mcuxpresso.tools.win32_11.1.0.201909161352/tools/bin/../lib/gcc/arm-none-eabi/8.3.1/../../../../arm-none-eabi/lib/thumb/v6-m/nofp\libcr_c.a(fseek.o)
                              c:/nxp/mcuxpressoide_11.1.0_3209/ide/plugins/com.nxp.mcuxpresso.tools.win32_11.1.0.201909161352/tools/bin/../lib/gcc/arm-none-eabi/8.3.1/../../../../arm-none-eabi/lib/thumb/v6-m/nofp\libcr_c.a(_deferredlazyseek.o) (fseek)
[...]
Memory Configuration

Name             Origin             Length             Attributes
PROGRAM_FLASH    0x00000000         0x00020000         xr
SRAM             0x1ffff000         0x00004000         xrw
*default*        0x00000000         0xffffffff

Linker script and memory map

LOAD ./utilities/fsl_debug_console.o
LOAD ./startup/startup_mkl25z4.o
LOAD ./source/freertos_hello.o
LOAD ./source/mtb.o
LOAD ./source/semihost_hardfault.o
LOAD ./freertos/croutine.o
LOAD ./freertos/event_groups.o
LOAD ./freertos/fsl_tickless_lptmr.o
LOAD ./freertos/fsl_tickless_systick.o
LOAD ./freertos/heap_4.o
LOAD ./freertos/list.o
LOAD ./freertos/port.o
LOAD ./freertos/queue.o
LOAD ./freertos/tasks.o
LOAD ./freertos/timers.o
LOAD ./drivers/fsl_clock.o
LOAD ./drivers/fsl_common.o
LOAD ./drivers/fsl_flash.o
LOAD ./drivers/fsl_gpio.o
LOAD ./drivers/fsl_lpsci.o
LOAD ./drivers/fsl_lpsci_freertos.o
LOAD ./drivers/fsl_smc.o
LOAD ./drivers/fsl_uart.o
LOAD ./drivers/fsl_uart_freertos.o
LOAD ./board/board.o
LOAD ./board/clock_config.o
LOAD ./board/pin_mux.o
LOAD ./CMSIS/system_MKL25Z4.o
START GROUP
LOAD c:/nxp/mcuxpressoide_11.1.0_3209/ide/plugins/com.nxp.mcuxpresso.tools.win32_11.1.0.201909161352/tools/bin/../lib/gcc/arm-none-eabi/8.3.1/../../../../arm-none-eabi/lib/thumb/v6-m/nofp\libcr_semihost_nf.a
LOAD c:/nxp/mcuxpressoide_11.1.0_3209/ide/plugins/com.nxp.mcuxpresso.tools.win32_11.1.0.201909161352/tools/bin/../lib/gcc/arm-none-eabi/8.3.1/../../../../arm-none-eabi/lib/thumb/v6-m/nofp\libcr_c.a
LOAD c:/nxp/mcuxpressoide_11.1.0_3209/ide/plugins/com.nxp.mcuxpresso.tools.win32_11.1.0.201909161352/tools/bin/../lib/gcc/arm-none-eabi/8.3.1/thumb/v6-m/nofp\libcr_eabihelpers.a
LOAD c:/nxp/mcuxpressoide_11.1.0_3209/ide/plugins/com.nxp.mcuxpresso.tools.win32_11.1.0.201909161352/tools/bin/../lib/gcc/arm-none-eabi/8.3.1/thumb/v6-m/nofp\libgcc.a
END GROUP
                0x00000000                __base_PROGRAM_FLASH = 0x0
                0x00000000                __base_Flash = 0x0
                0x00020000                __top_PROGRAM_FLASH = 0x20000
                0x00020000                __top_Flash = 0x20000
                0x1ffff000                __base_SRAM = 0x1ffff000
                0x1ffff000                __base_RAM = 0x1ffff000
                0x20003000                __top_SRAM = 0x20003000
                0x20003000                __top_RAM = 0x20003000

.text           0x00000000     0x574c
 FILL mask 0xff
                0x00000000                __vectors_start__ = ABSOLUTE (.)
 *(SORT_BY_ALIGNMENT(.isr_vector))
 .isr_vector    0x00000000       0xc0 ./startup/startup_mkl25z4.o
                0x00000000                g_pfnVectors
                0x00000000                __Vectors
                0x000000c0                . = ALIGN (0x4)
                0x000000c0                __section_table_start = .
                0x000000c0                __data_section_table = .
                0x000000c0        0x4 LONG 0x574c LOADADDR (.data)
                0x000000c4        0x4 LONG 0x1ffff080 ADDR (.data)
                0x000000c8        0x4 LONG 0xc SIZEOF (.data)
                0x000000cc                __data_section_table_end = .
                0x000000cc                __bss_section_table = .
                0x000000cc        0x4 LONG 0x1ffff08c ADDR (.bss)
                0x000000d0        0x4 LONG 0x2a84 SIZEOF (.bss)
                0x000000d4                __bss_section_table_end = .
                0x000000d4                __section_table_end = .
 *(SORT_BY_ALIGNMENT(.after_vectors*))
 .after_vectors.reset
                0x000000d4       0x4c ./startup/startup_mkl25z4.o
                0x000000d4                ResetISR
 .after_vectors.init_data
                0x00000120       0x12 ./startup/startup_mkl25z4.o
                0x00000120                data_init
 .after_vectors.init_bss
                0x00000132       0x10 ./startup/startup_mkl25z4.o
                0x00000132                bss_init
 .after_vectors
                0x00000142      0x10c ./startup/startup_mkl25z4.o
                0x00000142                NMI_Handler
                0x0000014c                I2C0_DriverIRQHandler
                0x0000014c                DMA0_DriverIRQHandler
                0x0000014c                SPI1_DriverIRQHandler
                0x0000014c                LPTMR0_DriverIRQHandler
                0x0000014c                Reserved39_DriverIRQHandler
                0x0000014c                PIT_DriverIRQHandler
                0x0000014c                PORTD_DriverIRQHandler
                0x0000014c                DMA2_DriverIRQHandler
                0x0000014c                CMP0_DriverIRQHandler
                0x0000014c                TPM2_DriverIRQHandler
                0x0000014c                ADC0_DriverIRQHandler
                0x0000014c                SPI0_DriverIRQHandler
                0x0000014c                TSI0_DriverIRQHandler
                0x0000014c                RTC_Seconds_DriverIRQHandler
                0x0000014c                I2C1_DriverIRQHandler
                0x0000014c                DMA1_DriverIRQHandler
                0x0000014c                LLWU_DriverIRQHandler
                0x0000014c                MCG_DriverIRQHandler
                0x0000014c                RTC_DriverIRQHandler
                0x0000014c                TPM1_DriverIRQHandler
                0x0000014c                PORTA_DriverIRQHandler
                0x0000014c                FTFA_DriverIRQHandler
                0x0000014c                IntDefaultHandler
                0x0000014c                USB0_DriverIRQHandler
                0x0000014c                DAC0_DriverIRQHandler
                0x0000014c                Reserved45_DriverIRQHandler
                0x0000014c                LVD_LVW_DriverIRQHandler
                0x0000014c                TPM0_DriverIRQHandler
                0x0000014c                DMA3_DriverIRQHandler
                0x0000014c                Reserved20_DriverIRQHandler
                0x0000014e                DMA0_IRQHandler
                0x00000156                DMA1_IRQHandler
                0x0000015e                DMA2_IRQHandler
                0x00000166                DMA3_IRQHandler
                0x0000016e                Reserved20_IRQHandler
                0x00000176                FTFA_IRQHandler
                0x0000017e                LVD_LVW_IRQHandler
                0x00000186                LLWU_IRQHandler
                0x0000018e                I2C0_IRQHandler
                0x00000196                I2C1_IRQHandler
                0x0000019e                SPI0_IRQHandler
                0x000001a6                SPI1_IRQHandler
                0x000001ae                UART0_IRQHandler
                0x000001b6                UART1_IRQHandler
                0x000001be                UART2_IRQHandler
                0x000001c6                ADC0_IRQHandler
                0x000001ce                CMP0_IRQHandler
                0x000001d6                TPM0_IRQHandler
                0x000001de                TPM1_IRQHandler
                0x000001e6                TPM2_IRQHandler
                0x000001ee                RTC_IRQHandler
                0x000001f6                RTC_Seconds_IRQHandler
                0x000001fe                PIT_IRQHandler
                0x00000206                Reserved39_IRQHandler
                0x0000020e                USB0_IRQHandler
                0x00000216                DAC0_IRQHandler
                0x0000021e                TSI0_IRQHandler
                0x00000226                MCG_IRQHandler
                0x0000022e                LPTMR0_IRQHandler
                0x00000236                Reserved45_IRQHandler
                0x0000023e                PORTA_IRQHandler
                0x00000246                PORTD_IRQHandler
                0x00000400                . = 0x400
 *fill*         0x0000024e      0x1b2 ff
                0x00000400                PROVIDE (__FLASH_CONFIG_START__ = .)
 *(SORT_BY_ALIGNMENT(.FlashConfig))
 .FlashConfig   0x00000400       0x10 ./startup/startup_mkl25z4.o
                0x00000400                Flash_Config
                0x00000410                PROVIDE (__FLASH_CONFIG_END__ = .)
                0x00000001                ASSERT (! ((__FLASH_CONFIG_START__ == __FLASH_CONFIG_END__)), Linker Flash Config Support Enabled, but no .FlashConfig section provided within application)
 *(SORT_BY_ALIGNMENT(.text*))
 .text.vPortStartFirstTask
                0x00000410       0x38 ./freertos/port.o
 *fill*         0x00000448        0x8 ff
 .text.PendSV_Handler
                0x00000450       0x48 ./freertos/port.o
                0x00000450                PendSV_Handler
 .text.DbgConsole_Init
                0x00000498       0xf0 ./utilities/fsl_debug_console.o
                0x00000498                DbgConsole_Init
 .text.main     0x00000588       0x34 ./source/freertos_hello.o
                0x00000588                main
 .text.hello_task
                0x000005bc       0x1c ./source/freertos_hello.o
 .text.HardFault_Handler
                0x000005d8       0x30 ./source/semihost_hardfault.o
                0x000005d8                HardFault_Handler
 .text.prvSetupTimerInterrupt
                0x00000608       0x40 ./freertos/fsl_tickless_lptmr.o
                0x00000608                prvSetupTimerInterrupt
 .text.pvPortMalloc
                0x00000648      0x14c ./freertos/heap_4.o
                0x00000648                pvPortMalloc
 .text.vPortFree
                0x00000794       0x90 ./freertos/heap_4.o
                0x00000794                vPortFree
 .text.prvHeapInit
                0x00000824       0xc0 ./freertos/heap_4.o
 .text.prvInsertBlockIntoFreeList
                0x000008e4       0xb0 ./freertos/heap_4.o
 .text.pxPortInitialiseStack
                0x00000994       0x54 ./freertos/port.o
                0x00000994                pxPortInitialiseStack
 .text.prvTaskExitError
                0x000009e8       0x18 ./freertos/port.o
 .text.xPortStartScheduler
                0x00000a00       0x44 ./freertos/port.o
                0x00000a00                xPortStartScheduler
 .text.vPortYield
                0x00000a44       0x20 ./freertos/port.o
                0x00000a44                vPortYield
 .text.vPortEnterCritical
                0x00000a64       0x24 ./freertos/port.o
                0x00000a64                vPortEnterCritical
 .text.vPortExitCritical
                0x00000a88       0x30 ./freertos/port.o
                0x00000a88                vPortExitCritical
 .text.SysTick_Handler
                0x00000ab8       0x34 ./freertos/port.o
                0x00000ab8                SysTick_Handler
 .text.vQueueAddToRegistry
                0x00000aec       0x50 ./freertos/queue.o
                0x00000aec                vQueueAddToRegistry
 .text.prvInitialiseNewTask
                0x00000b3c      0x12c ./freertos/tasks.o
 .text.prvAddNewTaskToReadyList
                0x00000c68       0xd0 ./freertos/tasks.o
 .text.vTaskSuspend
                0x00000d38       0xb8 ./freertos/tasks.o
                0x00000d38                vTaskSuspend
 .text.vTaskStartScheduler
                0x00000df0       0x78 ./freertos/tasks.o
                0x00000df0                vTaskStartScheduler
 .text.vTaskSuspendAll
                0x00000e68       0x18 ./freertos/tasks.o
                0x00000e68                vTaskSuspendAll
 .text.xTaskResumeAll
                0x00000e80      0x118 ./freertos/tasks.o
                0x00000e80                xTaskResumeAll
 .text.xTaskGetTickCount
                0x00000f98       0x1c ./freertos/tasks.o
                0x00000f98                xTaskGetTickCount
 .text.xTaskIncrementTick
                0x00000fb4      0x14c ./freertos/tasks.o
                0x00000fb4                xTaskIncrementTick
 .text.vTaskSwitchContext
                0x00001100       0xa4 ./freertos/tasks.o
                0x00001100                vTaskSwitchContext
 .text.vTaskPlaceOnEventList
                0x000011a4       0x3c ./freertos/tasks.o
                0x000011a4                vTaskPlaceOnEventList
 .text.vTaskPlaceOnEventListRestricted
                0x000011e0       0x4c ./freertos/tasks.o
                0x000011e0                vTaskPlaceOnEventListRestricted
 .text.xTaskRemoveFromEventList
                0x0000122c       0xb8 ./freertos/tasks.o
                0x0000122c                xTaskRemoveFromEventList
 .text.vTaskSetTimeOutState
                0x000012e4       0x34 ./freertos/tasks.o
                0x000012e4                vTaskSetTimeOutState
 .text.xTaskCheckForTimeOut
                0x00001318       0x9c ./freertos/tasks.o
                0x00001318                xTaskCheckForTimeOut
 .text.vTaskMissedYield
                0x000013b4       0x14 ./freertos/tasks.o
                0x000013b4                vTaskMissedYield
 .text.prvIdleTask
                0x000013c8       0x20 ./freertos/tasks.o
 .text.prvInitialiseTaskLists
                0x000013e8       0x88 ./freertos/tasks.o
 .text.prvCheckTasksWaitingTermination
                0x00001470       0x74 ./freertos/tasks.o
 .text.prvResetNextTaskUnblockTime
                0x000014e4       0x48 ./freertos/tasks.o
 .text.xTaskGetSchedulerState
                0x0000152c       0x38 ./freertos/tasks.o
                0x0000152c                xTaskGetSchedulerState
 .text.vTaskPriorityInherit
                0x00001564       0xbc ./freertos/tasks.o
                0x00001564                vTaskPriorityInherit
 .text.xTaskPriorityDisinherit
                0x00001620       0xb8 ./freertos/tasks.o
                0x00001620                xTaskPriorityDisinherit
 .text.pvTaskIncrementMutexHeldCount
                0x000016d8       0x24 ./freertos/tasks.o
                0x000016d8                pvTaskIncrementMutexHeldCount
 .text.xTaskGenericNotify
                0x000016fc      0x118 ./freertos/tasks.o
                0x000016fc                xTaskGenericNotify
 .text.xTaskGenericNotifyFromISR
                0x00001814      0x154 ./freertos/tasks.o
                0x00001814                xTaskGenericNotifyFromISR
 .text.prvAddCurrentTaskToDelayedList
                0x00001968       0xa8 ./freertos/tasks.o
 .text.xTimerCreateTimerTask
                0x00001a10       0x54 ./freertos/timers.o
                0x00001a10                xTimerCreateTimerTask
 .text.xTimerGenericCommand
                0x00001a64       0x94 ./freertos/timers.o
                0x00001a64                xTimerGenericCommand
 .text.prvProcessExpiredTimer
                0x00001af8       0x70 ./freertos/timers.o
 .text.prvProcessTimerOrBlockTask
                0x00001b68       0x8c ./freertos/timers.o
 .text.prvGetNextExpireTime
                0x00001bf4       0x40 ./freertos/timers.o
 .text.prvSampleTimeNow
                0x00001c34       0x40 ./freertos/timers.o
 .text.prvInsertTimerInActiveList
                0x00001c74       0x84 ./freertos/timers.o
 .text.prvProcessReceivedCommands
                0x00001cf8      0x124 ./freertos/timers.o
 .text.prvSwitchTimerLists
                0x00001e1c       0xb4 ./freertos/timers.o
 .text.prvCheckForValidListAndQueue
                0x00001ed0       0x74 ./freertos/timers.o
 .text.CLOCK_SetEr32kClock
                0x00001f44       0x34 ./drivers/fsl_clock.o
 .text.CLOCK_SetPllFllSelClock
                0x00001f78       0x38 ./drivers/fsl_clock.o
 .text.CLOCK_GetMcgExtClkFreq
                0x00001fb0       0x28 ./drivers/fsl_clock.o
 .text.CLOCK_GetFllExtRefClkFreq
                0x00001fd8       0xa4 ./drivers/fsl_clock.o
 .text.CLOCK_GetFllRefClkFreq
                0x0000207c       0x2c ./drivers/fsl_clock.o
 .text.CLOCK_GetOscRangeFromFreq
                0x000020a8       0x4c ./drivers/fsl_clock.o
 .text.CLOCK_GetPllFllSelClkFreq
                0x000020f4       0x4c ./drivers/fsl_clock.o
                0x000020f4                CLOCK_GetPllFllSelClkFreq
 .text.CLOCK_SetSimConfig
                0x00002140       0x38 ./drivers/fsl_clock.o
                0x00002140                CLOCK_SetSimConfig
 .text.CLOCK_GetFllFreq
                0x00002178       0x84 ./drivers/fsl_clock.o
                0x00002178                CLOCK_GetFllFreq
 .text.CLOCK_GetPll0Freq
                0x000021fc       0x70 ./drivers/fsl_clock.o
                0x000021fc                CLOCK_GetPll0Freq
 .text.CLOCK_SetInternalRefClkConfig
                0x0000226c      0x124 ./drivers/fsl_clock.o
                0x0000226c                CLOCK_SetInternalRefClkConfig
 .text.CLOCK_EnablePll0
                0x00002390       0x90 ./drivers/fsl_clock.o
                0x00002390                CLOCK_EnablePll0
 .text.CLOCK_InitOsc0
                0x00002420       0x94 ./drivers/fsl_clock.o
                0x00002420                CLOCK_InitOsc0
 .text.CLOCK_SetPbeMode
                0x000024b4       0xb0 ./drivers/fsl_clock.o
                0x000024b4                CLOCK_SetPbeMode
 .text.CLOCK_BootToPeeMode
                0x00002564       0x70 ./drivers/fsl_clock.o
                0x00002564                CLOCK_BootToPeeMode
 .text.CLOCK_EnableClock
                0x000025d4       0x34 ./drivers/fsl_lpsci.o
 .text.LPSCI_GetInstance
                0x00002608       0x48 ./drivers/fsl_lpsci.o
                0x00002608                LPSCI_GetInstance
 .text.LPSCI_Init
                0x00002650      0x258 ./drivers/fsl_lpsci.o
                0x00002650                LPSCI_Init
 .text.LPSCI_GetDefaultConfig
                0x000028a8       0x44 ./drivers/fsl_lpsci.o
                0x000028a8                LPSCI_GetDefaultConfig
 .text.LPSCI_ClearStatusFlags
                0x000028ec       0x94 ./drivers/fsl_lpsci.o
                0x000028ec                LPSCI_ClearStatusFlags
 .text.LPSCI_WriteBlocking
                0x00002980       0x4c ./drivers/fsl_lpsci.o
                0x00002980                LPSCI_WriteBlocking
 .text.LPSCI_ReadBlocking
                0x000029cc       0xc0 ./drivers/fsl_lpsci.o
                0x000029cc                LPSCI_ReadBlocking
 .text.UART0_DriverIRQHandler
                0x00002a8c       0x24 ./drivers/fsl_lpsci.o
                0x00002a8c                UART0_DriverIRQHandler
 .text.CLOCK_EnableClock
                0x00002ab0       0x34 ./drivers/fsl_uart.o
 .text.UART_GetInstance
                0x00002ae4       0x54 ./drivers/fsl_uart.o
                0x00002ae4                UART_GetInstance
 .text.UART_Init
                0x00002b38      0x1e0 ./drivers/fsl_uart.o
                0x00002b38                UART_Init
 .text.UART_GetDefaultConfig
                0x00002d18       0x44 ./drivers/fsl_uart.o
                0x00002d18                UART_GetDefaultConfig
 .text.UART_ReadBlocking
                0x00002d5c       0x98 ./drivers/fsl_uart.o
                0x00002d5c                UART_ReadBlocking
 .text.UART1_DriverIRQHandler
                0x00002df4       0x24 ./drivers/fsl_uart.o
                0x00002df4                UART1_DriverIRQHandler
 .text.UART2_DriverIRQHandler
                0x00002e18       0x24 ./drivers/fsl_uart.o
                0x00002e18                UART2_DriverIRQHandler
 .text.CLOCK_SetLpsci0Clock
                0x00002e3c       0x38 ./board/board.o
 .text.BOARD_InitDebugConsole
                0x00002e74       0x30 ./board/board.o
                0x00002e74                BOARD_InitDebugConsole
 .text.CLOCK_SetSimSafeDivs
                0x00002ea4       0x20 ./board/clock_config.o
 .text.CLOCK_SetXtal0Freq
                0x00002ec4       0x1c ./board/clock_config.o
 .text.CLOCK_CONFIG_SetFllExtRefDiv
                0x00002ee0       0x3c ./board/clock_config.o
 .text.BOARD_BootClockRUN
                0x00002f1c       0x64 ./board/clock_config.o
                0x00002f1c                BOARD_BootClockRUN
 .text.CLOCK_EnableClock
                0x00002f80       0x34 ./board/pin_mux.o
 .text.PORT_SetPinMux
                0x00002fb4       0x40 ./board/pin_mux.o
 .text.BOARD_InitPins
                0x00002ff4       0x4c ./board/pin_mux.o
                0x00002ff4                BOARD_InitPins
 .text.SystemInit
                0x00003040       0x18 ./CMSIS/system_MKL25Z4.o
                0x00003040                SystemInit
 .text.__assertion_failed
                0x00003058       0x4c c:/nxp/mcuxpressoide_11.1.0_3209/ide/plugins/com.nxp.mcuxpresso.tools.win32_11.1.0.201909161352/tools/bin/../lib/gcc/arm-none-eabi/8.3.1/../../../../arm-none-eabi/lib/thumb/v6-m/nofp\libcr_semihost_nf.a(_cr_assert.o)
                0x00003058                __assertion_failed
 .text.__sys_appexit
                0x000030a4        0xc c:/nxp/mcuxpressoide_11.1.0_3209/ide/plugins/com.nxp.mcuxpresso.tools.win32_11.1.0.201909161352/tools/bin/../lib/gcc/arm-none-eabi/8.3.1/../../../../arm-none-eabi/lib/thumb/v6-m/nofp\libcr_semihost_nf.a(__sys_appexit.o)
                0x000030a4                __sys_appexit
                0x000030a4                __exit
 .text._deferredlazyseek
                0x000030b0       0x40 c:/nxp/mcuxpressoide_11.1.0_3209/ide/plugins/com.nxp.mcuxpresso.tools.win32_11.1.0.201909161352/tools/bin/../lib/gcc/arm-none-eabi/8.3.1/../../../../arm-none-eabi/lib/thumb/v6-m/nofp\libcr_c.a(_deferredlazyseek.o)
                0x000030b0                _deferredlazyseek
 .text.__flsbuf
                0x000030f0      0x14c c:/nxp/mcuxpressoide_11.1.0_3209/ide/plugins/com.nxp.mcuxpresso.tools.win32_11.1.0.201909161352/tools/bin/../lib/gcc/arm-none-eabi/8.3.1/../../../../arm-none-eabi/lib/thumb/v6-m/nofp\libcr_c.a(_deferredlazyseek.o)
                0x000030f0                __flsbuf
 .text._fflush  0x0000323c       0x5c c:/nxp/mcuxpressoide_11.1.0_3209/ide/plugins/com.nxp.mcuxpresso.tools.win32_11.1.0.201909161352/tools/bin/../lib/gcc/arm-none-eabi/8.3.1/../../../../arm-none-eabi/lib/thumb/v6-m/nofp\libcr_c.a(_fflush.o)
                0x0000323c                _fflush
 .text._Cwritebuf
                0x00003298       0x68 c:/nxp/mcuxpressoide_11.1.0_3209/ide/plugins/com.nxp.mcuxpresso.tools.win32_11.1.0.201909161352/tools/bin/../lib/gcc/arm-none-eabi/8.3.1/../../../../arm-none-eabi/lib/thumb/v6-m/nofp\libcr_c.a(_writebuf.o)
                0x00003298                _Cwritebuf
 .text.malloc   0x00003300       0xcc c:/nxp/mcuxpressoide_11.1.0_3209/ide/plugins/com.nxp.mcuxpresso.tools.win32_11.1.0.201909161352/tools/bin/../lib/gcc/arm-none-eabi/8.3.1/../../../../arm-none-eabi/lib/thumb/v6-m/nofp\libcr_c.a(alloc.o)
                0x00003300                malloc
 .text._Csys_alloc
                0x000033cc       0x20 c:/nxp/mcuxpressoide_11.1.0_3209/ide/plugins/com.nxp.mcuxpresso.tools.win32_11.1.0.201909161352/tools/bin/../lib/gcc/arm-none-eabi/8.3.1/../../../../arm-none-eabi/lib/thumb/v6-m/nofp\libcr_c.a(alloc.o)
                0x000033cc                _Csys_alloc
 .text.fseek    0x000033ec       0xf0 c:/nxp/mcuxpressoide_11.1.0_3209/ide/plugins/com.nxp.mcuxpresso.tools.win32_11.1.0.201909161352/tools/bin/../lib/gcc/arm-none-eabi/8.3.1/../../../../arm-none-eabi/lib/thumb/v6-m/nofp\libcr_c.a(fseek.o)
                0x000033ec                fseek
 .text.ftell    0x000034dc       0x48 c:/nxp/mcuxpressoide_11.1.0_3209/ide/plugins/com.nxp.mcuxpresso.tools.win32_11.1.0.201909161352/tools/bin/../lib/gcc/arm-none-eabi/8.3.1/../../../../arm-none-eabi/lib/thumb/v6-m/nofp\libcr_c.a(ftell.o)
                0x000034dc                ftell
 .text._initio  0x00003524       0x7c c:/nxp/mcuxpressoide_11.1.0_3209/ide/plugins/com.nxp.mcuxpresso.tools.win32_11.1.0.201909161352/tools/bin/../lib/gcc/arm-none-eabi/8.3.1/../../../../arm-none-eabi/lib/thumb/v6-m/nofp\libcr_c.a(initio.o)
                0x00003524                _initio
 .text.__vfprintf
                0x000035a0      0xcd8 c:/nxp/mcuxpressoide_11.1.0_3209/ide/plugins/com.nxp.mcuxpresso.tools.win32_11.1.0.201909161352/tools/bin/../lib/gcc/arm-none-eabi/8.3.1/../../../../arm-none-eabi/lib/thumb/v6-m/nofp\libcr_c.a(printf.o)
                0x000035a0                __vfprintf
 .text._vsnprintf
                0x00004278       0x70 c:/nxp/mcuxpressoide_11.1.0_3209/ide/plugins/com.nxp.mcuxpresso.tools.win32_11.1.0.201909161352/tools/bin/../lib/gcc/arm-none-eabi/8.3.1/../../../../arm-none-eabi/lib/thumb/v6-m/nofp\libcr_c.a(printf.o)
                0x00004278                _vsnprintf
 .text._printf  0x000042e8       0x50 c:/nxp/mcuxpressoide_11.1.0_3209/ide/plugins/com.nxp.mcuxpresso.tools.win32_11.1.0.201909161352/tools/bin/../lib/gcc/arm-none-eabi/8.3.1/../../../../arm-none-eabi/lib/thumb/v6-m/nofp\libcr_c.a(printf.o)
                0x000042e8                _printf
 .text.setvbuf  0x00004338       0x4c c:/nxp/mcuxpressoide_11.1.0_3209/ide/plugins/com.nxp.mcuxpresso.tools.win32_11.1.0.201909161352/tools/bin/../lib/gcc/arm-none-eabi/8.3.1/../../../../arm-none-eabi/lib/thumb/v6-m/nofp\libcr_c.a(setvbuf.o)
                0x00004338                setvbuf
 .text.strlen   0x00004384       0x58 c:/nxp/mcuxpressoide_11.1.0_3209/ide/plugins/com.nxp.mcuxpresso.tools.win32_11.1.0.201909161352/tools/bin/../lib/gcc/arm-none-eabi/8.3.1/../../../../arm-none-eabi/lib/thumb/v6-m/nofp\libcr_c.a(strlen.o)
                0x00004384                strlen
 .text._sbrk    0x000043dc       0x40 c:/nxp/mcuxpressoide_11.1.0_3209/ide/plugins/com.nxp.mcuxpresso.tools.win32_11.1.0.201909161352/tools/bin/../lib/gcc/arm-none-eabi/8.3.1/../../../../arm-none-eabi/lib/thumb/v6-m/nofp\libcr_c.a(_cr_sbrk.o)
                0x000043dc                _sbrk
 .text._fdopen  0x0000441c       0x74 c:/nxp/mcuxpressoide_11.1.0_3209/ide/plugins/com.nxp.mcuxpresso.tools.win32_11.1.0.201909161352/tools/bin/../lib/gcc/arm-none-eabi/8.3.1/../../../../arm-none-eabi/lib/thumb/v6-m/nofp\libcr_c.a(_fdopen.o)
                0x0000441c                _fdopen
 .text.fclose   0x00004490       0x5c c:/nxp/mcuxpressoide_11.1.0_3209/ide/plugins/com.nxp.mcuxpresso.tools.win32_11.1.0.201909161352/tools/bin/../lib/gcc/arm-none-eabi/8.3.1/../../../../arm-none-eabi/lib/thumb/v6-m/nofp\libcr_c.a(fclose.o)
                0x00004490                fclose
 .text.fflush   0x000044ec       0x44 c:/nxp/mcuxpressoide_11.1.0_3209/ide/plugins/com.nxp.mcuxpresso.tools.win32_11.1.0.201909161352/tools/bin/../lib/gcc/arm-none-eabi/8.3.1/../../../../arm-none-eabi/lib/thumb/v6-m/nofp\libcr_c.a(fflush.o)
                0x000044ec                fflush
 .text.__check_heap_overflow
                0x00004530       0x14 c:/nxp/mcuxpressoide_11.1.0_3209/ide/plugins/com.nxp.mcuxpresso.tools.win32_11.1.0.201909161352/tools/bin/../lib/gcc/arm-none-eabi/8.3.1/../../../../arm-none-eabi/lib/thumb/v6-m/nofp\libcr_c.a(_cr_check_heap.o)
                0x00004530                __check_heap_overflow
 .text._do_fflush
                0x00004544       0x44 c:/nxp/mcuxpressoide_11.1.0_3209/ide/plugins/com.nxp.mcuxpresso.tools.win32_11.1.0.201909161352/tools/bin/../lib/gcc/arm-none-eabi/8.3.1/../../../../arm-none-eabi/lib/thumb/v6-m/nofp\libcr_c.a(_do_fflush.o)
                0x00004544                _do_fflush
 .text.UART_EnableTx
                0x00004588       0x40 ./utilities/fsl_debug_console.o
 .text.UART_EnableRx
                0x000045c8       0x40 ./utilities/fsl_debug_console.o
 .text.LPSCI_EnableTx
                0x00004608       0x40 ./utilities/fsl_debug_console.o
 .text.LPSCI_EnableRx
                0x00004648       0x40 ./utilities/fsl_debug_console.o
 .text.vListInitialise
                0x00004688       0x3c ./freertos/list.o
                0x00004688                vListInitialise
 .text.vListInitialiseItem
                0x000046c4       0x16 ./freertos/list.o
                0x000046c4                vListInitialiseItem
 .text.vListInsertEnd
                0x000046da       0x44 ./freertos/list.o
                0x000046da                vListInsertEnd
 .text.vListInsert
                0x0000471e       0x6c ./freertos/list.o
                0x0000471e                vListInsert
 .text.uxListRemove
                0x0000478a       0x50 ./freertos/list.o
                0x0000478a                uxListRemove
 .text.SVC_Handler
                0x000047da        0xa ./freertos/port.o
                0x000047da                SVC_Handler
 .text.ulSetInterruptMaskFromISR
                0x000047e4        0xc ./freertos/port.o
                0x000047e4                ulSetInterruptMaskFromISR
 .text.vClearInterruptMaskFromISR
                0x000047f0        0x8 ./freertos/port.o
                0x000047f0                vClearInterruptMaskFromISR
 .text.xQueueGenericReset
                0x000047f8       0xa8 ./freertos/queue.o
                0x000047f8                xQueueGenericReset
 .text.xQueueGenericCreate
                0x000048a0       0x64 ./freertos/queue.o
                0x000048a0                xQueueGenericCreate
 .text.prvInitialiseNewQueue
                0x00004904       0x4e ./freertos/queue.o
 .text.xQueueGenericSend
                0x00004952      0x188 ./freertos/queue.o
                0x00004952                xQueueGenericSend
 .text.xQueueGenericSendFromISR
                0x00004ada       0xe2 ./freertos/queue.o
                0x00004ada                xQueueGenericSendFromISR
 .text.xQueueGenericReceive
                0x00004bbc      0x1c8 ./freertos/queue.o
                0x00004bbc                xQueueGenericReceive
 .text.prvCopyDataToQueue
                0x00004d84       0xd6 ./freertos/queue.o
 .text.prvCopyDataFromQueue
                0x00004e5a       0x4c ./freertos/queue.o
 .text.prvUnlockQueue
                0x00004ea6       0xbc ./freertos/queue.o
 .text.prvIsQueueEmpty
                0x00004f62       0x2c ./freertos/queue.o
 .text.prvIsQueueFull
                0x00004f8e       0x30 ./freertos/queue.o
 .text.vQueueWaitForMessageRestricted
                0x00004fbe       0x66 ./freertos/queue.o
                0x00004fbe                vQueueWaitForMessageRestricted
 .text.xTaskCreate
                0x00005024       0x90 ./freertos/tasks.o
                0x00005024                xTaskCreate
 .text.prvDeleteTCB
                0x000050b4       0x22 ./freertos/tasks.o
 .text.prvTimerTask
                0x000050d6       0x28 ./freertos/timers.o
 .text.OSC_SetExtRefClkConfig
                0x000050fe       0x3e ./drivers/fsl_clock.o
 .text.OSC_SetCapLoad
                0x0000513c       0x42 ./drivers/fsl_clock.o
 .text.CLOCK_GetPll0RefFreq
                0x0000517e       0x10 ./drivers/fsl_clock.o
 .text.CLOCK_SetExternalRefClkConfig
                0x0000518e       0x16 ./drivers/fsl_clock.o
                0x0000518e                CLOCK_SetExternalRefClkConfig
 .text.LPSCI_GetStatusFlags
                0x000051a4       0x26 ./drivers/fsl_lpsci.o
                0x000051a4                LPSCI_GetStatusFlags
 .text.UART_GetStatusFlags
                0x000051ca       0x26 ./drivers/fsl_uart.o
                0x000051ca                UART_GetStatusFlags
 .text.UART_WriteBlocking
                0x000051f0       0x3a ./drivers/fsl_uart.o
                0x000051f0                UART_WriteBlocking
 .text.__main   0x0000522a        0xc c:/nxp/mcuxpressoide_11.1.0_3209/ide/plugins/com.nxp.mcuxpresso.tools.win32_11.1.0.201909161352/tools/bin/../lib/gcc/arm-none-eabi/8.3.1/../../../../arm-none-eabi/lib/thumb/v6-m/nofp\libcr_semihost_nf.a(_cr__main.o)
                0x0000522a                __CR_SEMIHOST
                0x0000522a                __main
 .text.memcpy   0x00005236        0x8 c:/nxp/mcuxpressoide_11.1.0_3209/ide/plugins/com.nxp.mcuxpresso.tools.win32_11.1.0.201909161352/tools/bin/../lib/gcc/arm-none-eabi/8.3.1/../../../../arm-none-eabi/lib/thumb/v6-m/nofp\libcr_c.a(memcpy.o)
                0x00005236                memcpy
 .text.memset   0x0000523e        0x8 c:/nxp/mcuxpressoide_11.1.0_3209/ide/plugins/com.nxp.mcuxpresso.tools.win32_11.1.0.201909161352/tools/bin/../lib/gcc/arm-none-eabi/8.3.1/../../../../arm-none-eabi/lib/thumb/v6-m/nofp\libcr_c.a(memset.o)
                0x0000523e                memset
 .text.free     0x00005246       0x2c c:/nxp/mcuxpressoide_11.1.0_3209/ide/plugins/com.nxp.mcuxpresso.tools.win32_11.1.0.201909161352/tools/bin/../lib/gcc/arm-none-eabi/8.3.1/../../../../arm-none-eabi/lib/thumb/v6-m/nofp\libcr_c.a(alloc.o)
                0x00005246                free
 .text.fputs    0x00005272       0x2e c:/nxp/mcuxpressoide_11.1.0_3209/ide/plugins/com.nxp.mcuxpresso.tools.win32_11.1.0.201909161352/tools/bin/../lib/gcc/arm-none-eabi/8.3.1/../../../../arm-none-eabi/lib/thumb/v6-m/nofp\libcr_c.a(fputs.o)
                0x00005272                fputs
 .text.no_fp_display
                0x000052a0        0x4 c:/nxp/mcuxpressoide_11.1.0_3209/ide/plugins/com.nxp.mcuxpresso.tools.win32_11.1.0.201909161352/tools/bin/../lib/gcc/arm-none-eabi/8.3.1/../../../../arm-none-eabi/lib/thumb/v6-m/nofp\libcr_c.a(printf.o)
 .text.remove   0x000052a4       0x12 c:/nxp/mcuxpressoide_11.1.0_3209/ide/plugins/com.nxp.mcuxpresso.tools.win32_11.1.0.201909161352/tools/bin/../lib/gcc/arm-none-eabi/8.3.1/../../../../arm-none-eabi/lib/thumb/v6-m/nofp\libcr_c.a(remove.o)
                0x000052a4                remove
 .text.__aeabi_division_idivmod
                0x000052b6       0x78 c:/nxp/mcuxpressoide_11.1.0_3209/ide/plugins/com.nxp.mcuxpresso.tools.win32_11.1.0.201909161352/tools/bin/../lib/gcc/arm-none-eabi/8.3.1/thumb/v6-m/nofp\libcr_eabihelpers.a(division_32.o)
                0x000052b6                __aeabi_idivmod
                0x000052b6                __aeabi_idiv
                0x000052bc                __aeabi_uidivmod
                0x000052bc                __aeabi_uidiv
 .text.__aeabi_division_idiv0
                0x0000532e        0x2 c:/nxp/mcuxpressoide_11.1.0_3209/ide/plugins/com.nxp.mcuxpresso.tools.win32_11.1.0.201909161352/tools/bin/../lib/gcc/arm-none-eabi/8.3.1/thumb/v6-m/nofp\libcr_eabihelpers.a(division_idiv0.o)
                0x0000532e                __aeabi_idiv0
 .text.__aeabi_llong_lmul
                0x00005330       0x2e c:/nxp/mcuxpressoide_11.1.0_3209/ide/plugins/com.nxp.mcuxpresso.tools.win32_11.1.0.201909161352/tools/bin/../lib/gcc/arm-none-eabi/8.3.1/thumb/v6-m/nofp\libcr_eabihelpers.a(llong.o)
                0x00005330                __aeabi_lmul
 .text.__aeabi_memcpy
                0x0000535e       0x2c c:/nxp/mcuxpressoide_11.1.0_3209/ide/plugins/com.nxp.mcuxpresso.tools.win32_11.1.0.201909161352/tools/bin/../lib/gcc/arm-none-eabi/8.3.1/thumb/v6-m/nofp\libcr_eabihelpers.a(memcpy.o)
                0x0000535e                __aeabi_memcpy4
                0x0000535e                __aeabi_memcpy8
                0x0000535e                __aeabi_memcpy
 .text.__aeabi_memset_lowlevel
                0x0000538a       0x2a c:/nxp/mcuxpressoide_11.1.0_3209/ide/plugins/com.nxp.mcuxpresso.tools.win32_11.1.0.201909161352/tools/bin/../lib/gcc/arm-none-eabi/8.3.1/thumb/v6-m/nofp\libcr_eabihelpers.a(memcpy.o)
                0x0000538a                __aeabi_lowlevel_memset
 .text.__sys_close
                0x000053b4        0xc c:/nxp/mcuxpressoide_11.1.0_3209/ide/plugins/com.nxp.mcuxpresso.tools.win32_11.1.0.201909161352/tools/bin/../lib/gcc/arm-none-eabi/8.3.1/../../../../arm-none-eabi/lib/thumb/v6-m/nofp\libcr_semihost_nf.a(__sys_close.o)
                0x000053b4                __sys_close
 .text.__sys_flen
                0x000053c0        0xc c:/nxp/mcuxpressoide_11.1.0_3209/ide/plugins/com.nxp.mcuxpresso.tools.win32_11.1.0.201909161352/tools/bin/../lib/gcc/arm-none-eabi/8.3.1/../../../../arm-none-eabi/lib/thumb/v6-m/nofp\libcr_semihost_nf.a(__sys_flen.o)
                0x000053c0                __sys_flen
 .text.__sys_istty
                0x000053cc        0xc c:/nxp/mcuxpressoide_11.1.0_3209/ide/plugins/com.nxp.mcuxpresso.tools.win32_11.1.0.201909161352/tools/bin/../lib/gcc/arm-none-eabi/8.3.1/../../../../arm-none-eabi/lib/thumb/v6-m/nofp\libcr_semihost_nf.a(__sys_istty.o)
                0x000053cc                __sys_istty
 .text.__sys_remove
                0x000053d8        0xc c:/nxp/mcuxpressoide_11.1.0_3209/ide/plugins/com.nxp.mcuxpresso.tools.win32_11.1.0.201909161352/tools/bin/../lib/gcc/arm-none-eabi/8.3.1/../../../../arm-none-eabi/lib/thumb/v6-m/nofp\libcr_semihost_nf.a(__sys_remove.o)
                0x000053d8                __sys_remove
 .text.__sys_seek
                0x000053e4        0xc c:/nxp/mcuxpressoide_11.1.0_3209/ide/plugins/com.nxp.mcuxpresso.tools.win32_11.1.0.201909161352/tools/bin/../lib/gcc/arm-none-eabi/8.3.1/../../../../arm-none-eabi/lib/thumb/v6-m/nofp\libcr_semihost_nf.a(__sys_seek.o)
                0x000053e4                __sys_seek
 .text.__sys_tmpnam
                0x000053f0        0xc c:/nxp/mcuxpressoide_11.1.0_3209/ide/plugins/com.nxp.mcuxpresso.tools.win32_11.1.0.201909161352/tools/bin/../lib/gcc/arm-none-eabi/8.3.1/../../../../arm-none-eabi/lib/thumb/v6-m/nofp\libcr_semihost_nf.a(__sys_tmpnam.o)
                0x000053f0                __sys_tmpnam
 .text.__sys_write
                0x000053fc        0xc c:/nxp/mcuxpressoide_11.1.0_3209/ide/plugins/com.nxp.mcuxpresso.tools.win32_11.1.0.201909161352/tools/bin/../lib/gcc/arm-none-eabi/8.3.1/../../../../arm-none-eabi/lib/thumb/v6-m/nofp\libcr_semihost_nf.a(__sys_write.o)
                0x000053fc                __sys_write
 *freertos*/tasks.o(SORT_BY_ALIGNMENT(.rodata*))
 .rodata.vTaskStartScheduler.str1.4
                0x00005408        0x5 ./freertos/tasks.o
 *fill*         0x0000540d        0x3 ff
 .rodata.xTaskGenericNotify
                0x00005410       0x14 ./freertos/tasks.o
 .rodata.xTaskGenericNotifyFromISR
                0x00005424       0x14 ./freertos/tasks.o
 .rodata        0x00005438       0x10 ./freertos/tasks.o
                0x00005438                FreeRTOSDebugConfig
 *(SORT_BY_ALIGNMENT(.rodata) SORT_BY_ALIGNMENT(.rodata.*) SORT_BY_ALIGNMENT(.constdata) SORT_BY_ALIGNMENT(.constdata.*))
 .rodata.main.str1.4
                0x00005448        0xb ./source/freertos_hello.o
 *fill*         0x00005453        0x1 ff
 .rodata.hello_task.str1.4
                0x00005454        0xf ./source/freertos_hello.o
 *fill*         0x00005463        0x1 ff
 .rodata.xTimerCreateTimerTask.str1.4
                0x00005464        0x8 ./freertos/timers.o
 .rodata.prvProcessReceivedCommands
                0x0000546c       0x28 ./freertos/timers.o
 .rodata.prvCheckForValidListAndQueue.str1.4
                0x00005494        0x5 ./freertos/timers.o
 *fill*         0x00005499        0x3 ff
 .rodata.CLOCK_GetMcgExtClkFreq.str1.4
                0x0000549c       0x1f ./drivers/fsl_clock.o
 *fill*         0x000054bb        0x1 ff
 .rodata.CLOCK_GetPll0Freq.str1.4
                0x000054bc       0x1e ./drivers/fsl_clock.o
 *fill*         0x000054da        0x2 ff
 .rodata.CLOCK_EnablePll0.str1.4
                0x000054dc       0x1a ./drivers/fsl_clock.o
 *fill*         0x000054f6        0x2 ff
 .rodata.CLOCK_SetPbeMode.str1.4
                0x000054f8       0x1b ./drivers/fsl_clock.o
 *fill*         0x00005513        0x1 ff
 .rodata.CLOCK_BootToPeeMode.str1.4
                0x00005514       0x1b ./drivers/fsl_clock.o
 *fill*         0x0000552f        0x1 ff
 .rodata.fllFactorTable.5230
                0x00005530       0x10 ./drivers/fsl_clock.o
 .rodata.LPSCI_GetInstance.str1.4
                0x00005540       0x37 ./drivers/fsl_lpsci.o
 *fill*         0x00005577        0x1 ff
 .rodata.LPSCI_Init.str1.4
                0x00005578       0x44 ./drivers/fsl_lpsci.o
 .rodata.LPSCI_GetDefaultConfig.str1.4
                0x000055bc       0x1a ./drivers/fsl_lpsci.o
 *fill*         0x000055d6        0x2 ff
 .rodata.LPSCI_WriteBlocking.str1.4
                0x000055d8       0x18 ./drivers/fsl_lpsci.o
 .rodata.LPSCI_ReadBlocking.str1.4
                0x000055f0       0x18 ./drivers/fsl_lpsci.o
 .rodata.s_uartBases
                0x00005608        0xc ./drivers/fsl_uart.o
 .rodata.s_uartClock
                0x00005614        0xc ./drivers/fsl_uart.o
 .rodata.UART_GetInstance.str1.4
                0x00005620       0x2c ./drivers/fsl_uart.o
 .rodata.UART_Init.str1.4
                0x0000564c       0x43 ./drivers/fsl_uart.o
 *fill*         0x0000568f        0x1 ff
 .rodata.UART_GetDefaultConfig.str1.4
                0x00005690       0x19 ./drivers/fsl_uart.o
 *fill*         0x000056a9        0x3 ff
 .rodata.UART_ReadBlocking.str1.4
                0x000056ac       0x18 ./drivers/fsl_uart.o
                                 0x17 (size before relaxing)
 .rodata.mcgConfig_BOARD_BootClockRUN
                0x000056c4        0xa ./board/clock_config.o
                0x000056c4                mcgConfig_BOARD_BootClockRUN
 *fill*         0x000056ce        0x2 ff
 .rodata.simConfig_BOARD_BootClockRUN
                0x000056d0        0x8 ./board/clock_config.o
                0x000056d0                simConfig_BOARD_BootClockRUN
 .rodata.oscConfig_BOARD_BootClockRUN
                0x000056d8        0x8 ./board/clock_config.o
                0x000056d8                oscConfig_BOARD_BootClockRUN
 .rodata.__num_Ciob_streams
                0x000056e0        0x4 c:/nxp/mcuxpressoide_11.1.0_3209/ide/plugins/com.nxp.mcuxpresso.tools.win32_11.1.0.201909161352/tools/bin/../lib/gcc/arm-none-eabi/8.3.1/../../../../arm-none-eabi/lib/thumb/v6-m/nofp\libcr_semihost_nf.a(__ciob.o)
                0x000056e0                __num_Ciob_streams
 .rodata.__assertion_failed.str1.1
                0x000056e4       0x15 c:/nxp/mcuxpressoide_11.1.0_3209/ide/plugins/com.nxp.mcuxpresso.tools.win32_11.1.0.201909161352/tools/bin/../lib/gcc/arm-none-eabi/8.3.1/../../../../arm-none-eabi/lib/thumb/v6-m/nofp\libcr_semihost_nf.a(_cr_assert.o)
 .rodata._Csys_alloc.str1.1
                0x000056f9       0x18 c:/nxp/mcuxpressoide_11.1.0_3209/ide/plugins/com.nxp.mcuxpresso.tools.win32_11.1.0.201909161352/tools/bin/../lib/gcc/arm-none-eabi/8.3.1/../../../../arm-none-eabi/lib/thumb/v6-m/nofp\libcr_c.a(alloc.o)
 .rodata._initio.str1.1
                0x00005711        0x4 c:/nxp/mcuxpressoide_11.1.0_3209/ide/plugins/com.nxp.mcuxpresso.tools.win32_11.1.0.201909161352/tools/bin/../lib/gcc/arm-none-eabi/8.3.1/../../../../arm-none-eabi/lib/thumb/v6-m/nofp\libcr_c.a(initio.o)
 .rodata.__vfprintf.str1.1
                0x00005715       0x35 c:/nxp/mcuxpressoide_11.1.0_3209/ide/plugins/com.nxp.mcuxpresso.tools.win32_11.1.0.201909161352/tools/bin/../lib/gcc/arm-none-eabi/8.3.1/../../../../arm-none-eabi/lib/thumb/v6-m/nofp\libcr_c.a(printf.o)
                                 0x38 (size before relaxing)
                0x0000574c                . = ALIGN (0x4)
 *fill*         0x0000574a        0x2 ff

.glue_7         0x0000574c        0x0
 .glue_7        0x0000574c        0x0 linker stubs

.glue_7t        0x0000574c        0x0
 .glue_7t       0x0000574c        0x0 linker stubs

.vfp11_veneer   0x0000574c        0x0
 .vfp11_veneer  0x0000574c        0x0 linker stubs

.v4_bx          0x0000574c        0x0
 .v4_bx         0x0000574c        0x0 linker stubs

.iplt           0x0000574c        0x0
 .iplt          0x0000574c        0x0 ./utilities/fsl_debug_console.o

.rel.dyn        0x0000574c        0x0
 .rel.iplt      0x0000574c        0x0 ./utilities/fsl_debug_console.o

.ARM.extab
 *(SORT_BY_ALIGNMENT(.ARM.extab*) SORT_BY_ALIGNMENT(.gnu.linkonce.armextab.*))
                0x0000574c                __exidx_start = .

.ARM.exidx
 *(SORT_BY_ALIGNMENT(.ARM.exidx*) SORT_BY_ALIGNMENT(.gnu.linkonce.armexidx.*))
                0x0000574c                __exidx_end = .
                0x0000574c                _etext = .

.m_usb_data
 *(SORT_BY_ALIGNMENT(m_usb_bdt))

.mtb_buffer_default
                0x1ffff000       0x80
 *(SORT_BY_ALIGNMENT(.mtb*))
 .mtb.$RAM1     0x1ffff000       0x80 ./source/mtb.o
                0x1ffff000                __mtb_buffer__

.uninit_RESERVED
                0x1ffff080        0x0
                0x1ffff080                _start_uninit_RESERVED = .
 *(SORT_BY_ALIGNMENT(.bss.$RESERVED*))
                0x1ffff080                . = ALIGN (0x4)
                0x1ffff080                _end_uninit_RESERVED = .

.data           0x1ffff080        0xc load address 0x0000574c
 FILL mask 0xff
                0x1ffff080                _data = .
                [!provide]                PROVIDE (__start_data_RAM = .)
                [!provide]                PROVIDE (__start_data_SRAM = .)
 *(SORT_BY_ALIGNMENT(vtable))
 *(SORT_BY_ALIGNMENT(.ramfunc*))
 *(SORT_BY_ALIGNMENT(CodeQuickAccess))
 *(SORT_BY_ALIGNMENT(DataQuickAccess))
 *(SORT_BY_ALIGNMENT(RamFunction))
 *(SORT_BY_ALIGNMENT(.data*))
 .data.uxCriticalNesting
                0x1ffff080        0x4 ./freertos/port.o
 .data.s_slowIrcFreq
                0x1ffff084        0x4 ./drivers/fsl_clock.o
 .data.SystemCoreClock
                0x1ffff088        0x4 ./CMSIS/system_MKL25Z4.o
                0x1ffff088                SystemCoreClock
                0x1ffff08c                . = ALIGN (0x4)
                0x1ffff08c                _edata = .
                [!provide]                PROVIDE (__end_data_RAM = .)
                [!provide]                PROVIDE (__end_data_SRAM = .)

.igot.plt       0x1ffff08c        0x0 load address 0x00005758
 .igot.plt      0x1ffff08c        0x0 ./utilities/fsl_debug_console.o

.bss            0x1ffff08c     0x2a84
                0x1ffff08c                _bss = .
                [!provide]                PROVIDE (__start_bss_RAM = .)
                [!provide]                PROVIDE (__start_bss_SRAM = .)
 *(SORT_BY_ALIGNMENT(.bss*))
 .bss.s_debugConsole
                0x1ffff08c       0x10 ./utilities/fsl_debug_console.o
 .bss.ucHeap    0x1ffff09c     0x2800 ./freertos/heap_4.o
 .bss.xStart    0x2000189c        0x8 ./freertos/heap_4.o
 .bss.pxEnd     0x200018a4        0x4 ./freertos/heap_4.o
 .bss.xFreeBytesRemaining
                0x200018a8        0x4 ./freertos/heap_4.o
 .bss.xMinimumEverFreeBytesRemaining
                0x200018ac        0x4 ./freertos/heap_4.o
 .bss.xBlockAllocatedBit
                0x200018b0        0x4 ./freertos/heap_4.o
 .bss.xQueueRegistry
                0x200018b4       0x40 ./freertos/queue.o
                0x200018b4                xQueueRegistry
 .bss.pxCurrentTCB
                0x200018f4        0x4 ./freertos/tasks.o
                0x200018f4                pxCurrentTCB
 .bss.pxReadyTasksLists
                0x200018f8       0x64 ./freertos/tasks.o
 .bss.xDelayedTaskList1
                0x2000195c       0x14 ./freertos/tasks.o
 .bss.xDelayedTaskList2
                0x20001970       0x14 ./freertos/tasks.o
 .bss.pxDelayedTaskList
                0x20001984        0x4 ./freertos/tasks.o
 .bss.pxOverflowDelayedTaskList
                0x20001988        0x4 ./freertos/tasks.o
 .bss.xPendingReadyList
                0x2000198c       0x14 ./freertos/tasks.o
 .bss.xTasksWaitingTermination
                0x200019a0       0x14 ./freertos/tasks.o
 .bss.uxDeletedTasksWaitingCleanUp
                0x200019b4        0x4 ./freertos/tasks.o
 .bss.xSuspendedTaskList
                0x200019b8       0x14 ./freertos/tasks.o
 .bss.uxCurrentNumberOfTasks
                0x200019cc        0x4 ./freertos/tasks.o
 .bss.xTickCount
                0x200019d0        0x4 ./freertos/tasks.o
 .bss.uxTopReadyPriority
                0x200019d4        0x4 ./freertos/tasks.o
 .bss.xSchedulerRunning
                0x200019d8        0x4 ./freertos/tasks.o
 .bss.uxPendedTicks
                0x200019dc        0x4 ./freertos/tasks.o
 .bss.xYieldPending
                0x200019e0        0x4 ./freertos/tasks.o
 .bss.xNumOfOverflows
                0x200019e4        0x4 ./freertos/tasks.o
 .bss.uxTaskNumber
                0x200019e8        0x4 ./freertos/tasks.o
 .bss.xNextTaskUnblockTime
                0x200019ec        0x4 ./freertos/tasks.o
 .bss.xIdleTaskHandle
                0x200019f0        0x4 ./freertos/tasks.o
 .bss.uxSchedulerSuspended
                0x200019f4        0x4 ./freertos/tasks.o
 .bss.xActiveTimerList1
                0x200019f8       0x14 ./freertos/timers.o
 .bss.xActiveTimerList2
                0x20001a0c       0x14 ./freertos/timers.o
 .bss.pxCurrentTimerList
                0x20001a20        0x4 ./freertos/timers.o
 .bss.pxOverflowTimerList
                0x20001a24        0x4 ./freertos/timers.o
 .bss.xTimerQueue
                0x20001a28        0x4 ./freertos/timers.o
 .bss.xTimerTaskHandle
                0x20001a2c        0x4 ./freertos/timers.o
 .bss.xLastTime.4576
                0x20001a30        0x4 ./freertos/timers.o
 .bss.g_xtal0Freq
                0x20001a34        0x4 ./drivers/fsl_clock.o
                0x20001a34                g_xtal0Freq
 .bss.s_lpsciHandle
                0x20001a38        0x4 ./drivers/fsl_lpsci.o
 .bss.s_lpsciIsr
                0x20001a3c        0x4 ./drivers/fsl_lpsci.o
 .bss.s_uartHandle
                0x20001a40        0xc ./drivers/fsl_uart.o
 .bss.s_uartIsr
                0x20001a4c        0x4 ./drivers/fsl_uart.o
 .bss.__Ciob    0x20001a50       0xb4 c:/nxp/mcuxpressoide_11.1.0_3209/ide/plugins/com.nxp.mcuxpresso.tools.win32_11.1.0.201909161352/tools/bin/../lib/gcc/arm-none-eabi/8.3.1/../../../../arm-none-eabi/lib/thumb/v6-m/nofp\libcr_semihost_nf.a(__ciob.o)
                0x20001a50                __Ciob
 .bss.__end_of_heap
                0x20001b04        0x4 c:/nxp/mcuxpressoide_11.1.0_3209/ide/plugins/com.nxp.mcuxpresso.tools.win32_11.1.0.201909161352/tools/bin/../lib/gcc/arm-none-eabi/8.3.1/../../../../arm-none-eabi/lib/thumb/v6-m/nofp\libcr_c.a(__init_alloc.o)
                0x20001b04                __end_of_heap
 .bss.__heaps   0x20001b08        0x4 c:/nxp/mcuxpressoide_11.1.0_3209/ide/plugins/com.nxp.mcuxpresso.tools.win32_11.1.0.201909161352/tools/bin/../lib/gcc/arm-none-eabi/8.3.1/../../../../arm-none-eabi/lib/thumb/v6-m/nofp\libcr_c.a(__init_alloc.o)
                0x20001b08                __heaps
 .bss.errno     0x20001b0c        0x4 c:/nxp/mcuxpressoide_11.1.0_3209/ide/plugins/com.nxp.mcuxpresso.tools.win32_11.1.0.201909161352/tools/bin/../lib/gcc/arm-none-eabi/8.3.1/../../../../arm-none-eabi/lib/thumb/v6-m/nofp\libcr_c.a(errno.o)
                0x20001b0c                errno
 *(SORT_BY_ALIGNMENT(COMMON))
                0x20001b10                . = ALIGN (0x4)
                0x20001b10                _ebss = .
                [!provide]                PROVIDE (__end_bss_RAM = .)
                [!provide]                PROVIDE (__end_bss_SRAM = .)
                [!provide]                PROVIDE (end = .)

.noinit         0x20001b10        0x0
                0x20001b10                _noinit = .
                [!provide]                PROVIDE (__start_noinit_RAM = .)
                [!provide]                PROVIDE (__start_noinit_SRAM = .)
 *(SORT_BY_ALIGNMENT(.noinit*))
                0x20001b10                . = ALIGN (0x4)
                0x20001b10                _end_noinit = .
                [!provide]                PROVIDE (__end_noinit_RAM = .)
                [!provide]                PROVIDE (__end_noinit_SRAM = .)
                0x00000400                _HeapSize = 0x400

.heap           0x20001b10      0x400
                0x20001b10                _pvHeapStart = .
                0x20001f10                . = (. + _HeapSize)
 *fill*         0x20001b10      0x400 
                0x20001f10                . = ALIGN (0x4)
                0x20001f10                _pvHeapLimit = .
                0x00000400                _StackSize = 0x400

.heap2stackfill
                0x20001f10      0x400
                0x20002310                . = (. + _StackSize)
 *fill*         0x20001f10      0x400 

.stack          0x20002c00        0x0
                0x20002c00                _vStackBase = .
                0x20002c00                . = ALIGN (0x4)
                0x20003000                _vStackTop = (. + _StackSize)
                0x00000000                _image_start = LOADADDR (.text)
                0x00005758                _image_end = (LOADADDR (.data) + SIZEOF (.data))
                0x00005758                _image_size = (_image_end - _image_start)
OUTPUT(ECEN5813project6_SE_DK.axf elf32-littlearm)

.debug_info     0x00000000     0xb0e0
 .debug_info    0x00000000      0x9b1 ./utilities/fsl_debug_console.o
 .debug_info    0x000009b1      0x4db ./startup/startup_mkl25z4.o
 .debug_info    0x00000e8c      0x540 ./source/freertos_hello.o
 .debug_info    0x000013cc       0x4f ./source/mtb.o
 .debug_info    0x0000141b       0x38 ./source/semihost_hardfault.o
 .debug_info    0x00001453       0xe8 ./freertos/fsl_tickless_lptmr.o
 .debug_info    0x0000153b      0x330 ./freertos/heap_4.o
 .debug_info    0x0000186b      0x2e7 ./freertos/list.o
 .debug_info    0x00001b52      0x276 ./freertos/port.o
 .debug_info    0x00001dc8      0xef7 ./freertos/queue.o
 .debug_info    0x00002cbf     0x18e2 ./freertos/tasks.o
 .debug_info    0x000045a1      0xb8e ./freertos/timers.o
 .debug_info    0x0000512f     0x1a93 ./drivers/fsl_clock.o
 .debug_info    0x00006bc2     0x1465 ./drivers/fsl_lpsci.o
 .debug_info    0x00008027     0x1406 ./drivers/fsl_uart.o
 .debug_info    0x0000942d      0x807 ./board/board.o
 .debug_info    0x00009c34      0xaea ./board/clock_config.o
 .debug_info    0x0000a71e      0x58d ./board/pin_mux.o
 .debug_info    0x0000acab      0x435 ./CMSIS/system_MKL25Z4.o

.debug_abbrev   0x00000000     0x21dc
 .debug_abbrev  0x00000000      0x218 ./utilities/fsl_debug_console.o
 .debug_abbrev  0x00000218      0x18a ./startup/startup_mkl25z4.o
 .debug_abbrev  0x000003a2      0x15d ./source/freertos_hello.o
 .debug_abbrev  0x000004ff       0x43 ./source/mtb.o
 .debug_abbrev  0x00000542       0x2e ./source/semihost_hardfault.o
 .debug_abbrev  0x00000570       0x97 ./freertos/fsl_tickless_lptmr.o
 .debug_abbrev  0x00000607      0x1a4 ./freertos/heap_4.o
 .debug_abbrev  0x000007ab      0x123 ./freertos/list.o
 .debug_abbrev  0x000008ce      0x1b0 ./freertos/port.o
 .debug_abbrev  0x00000a7e      0x211 ./freertos/queue.o
 .debug_abbrev  0x00000c8f      0x2cd ./freertos/tasks.o
 .debug_abbrev  0x00000f5c      0x222 ./freertos/timers.o
 .debug_abbrev  0x0000117e      0x36c ./drivers/fsl_clock.o
 .debug_abbrev  0x000014ea      0x306 ./drivers/fsl_lpsci.o
 .debug_abbrev  0x000017f0      0x320 ./drivers/fsl_uart.o
 .debug_abbrev  0x00001b10      0x1a4 ./board/board.o
 .debug_abbrev  0x00001cb4      0x21d ./board/clock_config.o
 .debug_abbrev  0x00001ed1      0x1b8 ./board/pin_mux.o
 .debug_abbrev  0x00002089      0x153 ./CMSIS/system_MKL25Z4.o

.debug_aranges  0x00000000      0xbf0
 .debug_aranges
                0x00000000       0x48 ./utilities/fsl_debug_console.o
 .debug_aranges
                0x00000048      0x160 ./startup/startup_mkl25z4.o
 .debug_aranges
                0x000001a8       0x28 ./source/freertos_hello.o
 .debug_aranges
                0x000001d0       0x18 ./source/mtb.o
 .debug_aranges
                0x000001e8       0x20 ./source/semihost_hardfault.o
 .debug_aranges
                0x00000208       0x20 ./freertos/fsl_tickless_lptmr.o
 .debug_aranges
                0x00000228       0x50 ./freertos/heap_4.o
 .debug_aranges
                0x00000278       0x40 ./freertos/list.o
 .debug_aranges
                0x000002b8       0x80 ./freertos/port.o
 .debug_aranges
                0x00000338      0x118 ./freertos/queue.o
 .debug_aranges
                0x00000450      0x1e8 ./freertos/tasks.o
 .debug_aranges
                0x00000638       0xc8 ./freertos/timers.o
 .debug_aranges
                0x00000700      0x1d8 ./drivers/fsl_clock.o
 .debug_aranges
                0x000008d8      0x118 ./drivers/fsl_lpsci.o
 .debug_aranges
                0x000009f0      0x130 ./drivers/fsl_uart.o
 .debug_aranges
                0x00000b20       0x28 ./board/board.o
 .debug_aranges
                0x00000b48       0x50 ./board/clock_config.o
 .debug_aranges
                0x00000b98       0x30 ./board/pin_mux.o
 .debug_aranges
                0x00000bc8       0x28 ./CMSIS/system_MKL25Z4.o

.debug_ranges   0x00000000      0xab8
 .debug_ranges  0x00000000       0x38 ./utilities/fsl_debug_console.o
 .debug_ranges  0x00000038      0x150 ./startup/startup_mkl25z4.o
 .debug_ranges  0x00000188       0x18 ./source/freertos_hello.o
 .debug_ranges  0x000001a0       0x10 ./source/semihost_hardfault.o
 .debug_ranges  0x000001b0       0x10 ./freertos/fsl_tickless_lptmr.o
 .debug_ranges  0x000001c0       0x40 ./freertos/heap_4.o
 .debug_ranges  0x00000200       0x30 ./freertos/list.o
 .debug_ranges  0x00000230       0x70 ./freertos/port.o
 .debug_ranges  0x000002a0      0x108 ./freertos/queue.o
 .debug_ranges  0x000003a8      0x1d8 ./freertos/tasks.o
 .debug_ranges  0x00000580       0xb8 ./freertos/timers.o
 .debug_ranges  0x00000638      0x1c8 ./drivers/fsl_clock.o
 .debug_ranges  0x00000800      0x108 ./drivers/fsl_lpsci.o
 .debug_ranges  0x00000908      0x120 ./drivers/fsl_uart.o
 .debug_ranges  0x00000a28       0x18 ./board/board.o
 .debug_ranges  0x00000a40       0x40 ./board/clock_config.o
 .debug_ranges  0x00000a80       0x20 ./board/pin_mux.o
 .debug_ranges  0x00000aa0       0x18 ./CMSIS/system_MKL25Z4.o

.debug_line     0x00000000     0x729e
 .debug_line    0x00000000      0x3d7 ./utilities/fsl_debug_console.o
 .debug_line    0x000003d7      0x1e7 ./startup/startup_mkl25z4.o
 .debug_line    0x000005be      0x308 ./source/freertos_hello.o
 .debug_line    0x000008c6       0x30 ./source/mtb.o
 .debug_line    0x000008f6       0x5a ./source/semihost_hardfault.o
 .debug_line    0x00000950      0x18c ./freertos/fsl_tickless_lptmr.o
 .debug_line    0x00000adc      0x3c6 ./freertos/heap_4.o
 .debug_line    0x00000ea2      0x272 ./freertos/list.o
 .debug_line    0x00001114      0x30d ./freertos/port.o
 .debug_line    0x00001421      0xbdd ./freertos/queue.o
 .debug_line    0x00001ffe     0x1488 ./freertos/tasks.o
 .debug_line    0x00003486      0x67b ./freertos/timers.o
 .debug_line    0x00003b01     0x1265 ./drivers/fsl_clock.o
 .debug_line    0x00004d66      0xce9 ./drivers/fsl_lpsci.o
 .debug_line    0x00005a4f      0xcd8 ./drivers/fsl_uart.o
 .debug_line    0x00006727      0x2a7 ./board/board.o
 .debug_line    0x000069ce      0x35f ./board/clock_config.o
 .debug_line    0x00006d2d      0x2c9 ./board/pin_mux.o
 .debug_line    0x00006ff6      0x2a8 ./CMSIS/system_MKL25Z4.o

.debug_str      0x00000000     0x52c9
 .debug_str     0x00000000      0xb23 ./utilities/fsl_debug_console.o
                                0xb94 (size before relaxing)
 .debug_str     0x00000b23      0x394 ./startup/startup_mkl25z4.o
                                0x510 (size before relaxing)
 .debug_str     0x00000eb7      0x387 ./source/freertos_hello.o
                                0x69e (size before relaxing)
 .debug_str     0x0000123e       0x1f ./source/mtb.o
                                0x19a (size before relaxing)
 .debug_str     0x0000125d       0x1f ./source/semihost_hardfault.o
                                0x19a (size before relaxing)
 .debug_str     0x0000127c       0x43 ./freertos/fsl_tickless_lptmr.o
                                0x28b (size before relaxing)
 .debug_str     0x000012bf      0x1d3 ./freertos/heap_4.o
                                0x411 (size before relaxing)
 .debug_str     0x00001492      0x131 ./freertos/list.o
                                0x385 (size before relaxing)
 .debug_str     0x000015c3      0x130 ./freertos/port.o
                                0x3c7 (size before relaxing)
 .debug_str     0x000016f3      0x565 ./freertos/queue.o
                                0x8a7 (size before relaxing)
 .debug_str     0x00001c58      0xbf5 ./freertos/tasks.o
                               0x1025 (size before relaxing)
 .debug_str     0x0000284d      0x4dd ./freertos/timers.o
                                0x867 (size before relaxing)
 .debug_str     0x00002d2a      0xde1 ./drivers/fsl_clock.o
                               0x183b (size before relaxing)
 .debug_str     0x00003b0b      0xb93 ./drivers/fsl_lpsci.o
                               0x1603 (size before relaxing)
 .debug_str     0x0000469e      0x819 ./drivers/fsl_uart.o
                               0x160f (size before relaxing)
 .debug_str     0x00004eb7       0x4c ./board/board.o
                                0x78e (size before relaxing)
 .debug_str     0x00004f03      0x222 ./board/clock_config.o
                                0xe0d (size before relaxing)
 .debug_str     0x00005125      0x155 ./board/pin_mux.o
                                0x618 (size before relaxing)
 .debug_str     0x0000527a       0x4f ./CMSIS/system_MKL25Z4.o
                                0x37c (size before relaxing)

.comment        0x00000000       0x76
 .comment       0x00000000       0x76 ./utilities/fsl_debug_console.o
                                 0x77 (size before relaxing)
 .comment       0x00000076       0x77 ./startup/startup_mkl25z4.o
 .comment       0x00000076       0x77 ./source/freertos_hello.o
 .comment       0x00000076       0x77 ./source/mtb.o
 .comment       0x00000076       0x77 ./source/semihost_hardfault.o
 .comment       0x00000076       0x77 ./freertos/fsl_tickless_lptmr.o
 .comment       0x00000076       0x77 ./freertos/heap_4.o
 .comment       0x00000076       0x77 ./freertos/list.o
 .comment       0x00000076       0x77 ./freertos/port.o
 .comment       0x00000076       0x77 ./freertos/queue.o
 .comment       0x00000076       0x77 ./freertos/tasks.o
 .comment       0x00000076       0x77 ./freertos/timers.o
 .comment       0x00000076       0x77 ./drivers/fsl_clock.o
 .comment       0x00000076       0x77 ./drivers/fsl_lpsci.o
 .comment       0x00000076       0x77 ./drivers/fsl_uart.o
 .comment       0x00000076       0x77 ./board/board.o
 .comment       0x00000076       0x77 ./board/clock_config.o
 .comment       0x00000076       0x77 ./board/pin_mux.o
 .comment       0x00000076       0x77 ./CMSIS/system_MKL25Z4.o
 .comment       0x00000076       0x77 c:/nxp/mcuxpressoide_11.1.0_3209/ide/plugins/com.nxp.mcuxpresso.tools.win32_11.1.0.201909161352/tools/bin/../lib/gcc/arm-none-eabi/8.3.1/../../../../arm-none-eabi/lib/thumb/v6-m/nofp\libcr_semihost_nf.a(_cr__main.o)
 .comment       0x00000076       0x77 c:/nxp/mcuxpressoide_11.1.0_3209/ide/plugins/com.nxp.mcuxpresso.tools.win32_11.1.0.201909161352/tools/bin/../lib/gcc/arm-none-eabi/8.3.1/../../../../arm-none-eabi/lib/thumb/v6-m/nofp\libcr_semihost_nf.a(_cr_assert.o)
 .comment       0x00000076       0x77 c:/nxp/mcuxpressoide_11.1.0_3209/ide/plugins/com.nxp.mcuxpresso.tools.win32_11.1.0.201909161352/tools/bin/../lib/gcc/arm-none-eabi/8.3.1/../../../../arm-none-eabi/lib/thumb/v6-m/nofp\libcr_semihost_nf.a(__ciob.o)
 .comment       0x00000076       0x77 c:/nxp/mcuxpressoide_11.1.0_3209/ide/plugins/com.nxp.mcuxpresso.tools.win32_11.1.0.201909161352/tools/bin/../lib/gcc/arm-none-eabi/8.3.1/../../../../arm-none-eabi/lib/thumb/v6-m/nofp\libcr_c.a(memcpy.o)
 .comment       0x00000076       0x77 c:/nxp/mcuxpressoide_11.1.0_3209/ide/plugins/com.nxp.mcuxpresso.tools.win32_11.1.0.201909161352/tools/bin/../lib/gcc/arm-none-eabi/8.3.1/../../../../arm-none-eabi/lib/thumb/v6-m/nofp\libcr_c.a(memset.o)
 .comment       0x00000076       0x77 c:/nxp/mcuxpressoide_11.1.0_3209/ide/plugins/com.nxp.mcuxpresso.tools.win32_11.1.0.201909161352/tools/bin/../lib/gcc/arm-none-eabi/8.3.1/../../../../arm-none-eabi/lib/thumb/v6-m/nofp\libcr_c.a(_deferredlazyseek.o)
 .comment       0x00000076       0x77 c:/nxp/mcuxpressoide_11.1.0_3209/ide/plugins/com.nxp.mcuxpresso.tools.win32_11.1.0.201909161352/tools/bin/../lib/gcc/arm-none-eabi/8.3.1/../../../../arm-none-eabi/lib/thumb/v6-m/nofp\libcr_c.a(_fflush.o)
 .comment       0x00000076       0x77 c:/nxp/mcuxpressoide_11.1.0_3209/ide/plugins/com.nxp.mcuxpresso.tools.win32_11.1.0.201909161352/tools/bin/../lib/gcc/arm-none-eabi/8.3.1/../../../../arm-none-eabi/lib/thumb/v6-m/nofp\libcr_c.a(_writebuf.o)
 .comment       0x00000076       0x77 c:/nxp/mcuxpressoide_11.1.0_3209/ide/plugins/com.nxp.mcuxpresso.tools.win32_11.1.0.201909161352/tools/bin/../lib/gcc/arm-none-eabi/8.3.1/../../../../arm-none-eabi/lib/thumb/v6-m/nofp\libcr_c.a(alloc.o)
 .comment       0x00000076       0x77 c:/nxp/mcuxpressoide_11.1.0_3209/ide/plugins/com.nxp.mcuxpresso.tools.win32_11.1.0.201909161352/tools/bin/../lib/gcc/arm-none-eabi/8.3.1/../../../../arm-none-eabi/lib/thumb/v6-m/nofp\libcr_c.a(fputs.o)
 .comment       0x00000076       0x77 c:/nxp/mcuxpressoide_11.1.0_3209/ide/plugins/com.nxp.mcuxpresso.tools.win32_11.1.0.201909161352/tools/bin/../lib/gcc/arm-none-eabi/8.3.1/../../../../arm-none-eabi/lib/thumb/v6-m/nofp\libcr_c.a(fseek.o)
 .comment       0x00000076       0x77 c:/nxp/mcuxpressoide_11.1.0_3209/ide/plugins/com.nxp.mcuxpresso.tools.win32_11.1.0.201909161352/tools/bin/../lib/gcc/arm-none-eabi/8.3.1/../../../../arm-none-eabi/lib/thumb/v6-m/nofp\libcr_c.a(ftell.o)
 .comment       0x00000076       0x77 c:/nxp/mcuxpressoide_11.1.0_3209/ide/plugins/com.nxp.mcuxpresso.tools.win32_11.1.0.201909161352/tools/bin/../lib/gcc/arm-none-eabi/8.3.1/../../../../arm-none-eabi/lib/thumb/v6-m/nofp\libcr_c.a(initio.o)
 .comment       0x00000076       0x77 c:/nxp/mcuxpressoide_11.1.0_3209/ide/plugins/com.nxp.mcuxpresso.tools.win32_11.1.0.201909161352/tools/bin/../lib/gcc/arm-none-eabi/8.3.1/../../../../arm-none-eabi/lib/thumb/v6-m/nofp\libcr_c.a(printf.o)
 .comment       0x00000076       0x77 c:/nxp/mcuxpressoide_11.1.0_3209/ide/plugins/com.nxp.mcuxpresso.tools.win32_11.1.0.201909161352/tools/bin/../lib/gcc/arm-none-eabi/8.3.1/../../../../arm-none-eabi/lib/thumb/v6-m/nofp\libcr_c.a(setvbuf.o)
 .comment       0x00000076       0x77 c:/nxp/mcuxpressoide_11.1.0_3209/ide/plugins/com.nxp.mcuxpresso.tools.win32_11.1.0.201909161352/tools/bin/../lib/gcc/arm-none-eabi/8.3.1/../../../../arm-none-eabi/lib/thumb/v6-m/nofp\libcr_c.a(strlen.o)
 .comment       0x00000076       0x77 c:/nxp/mcuxpressoide_11.1.0_3209/ide/plugins/com.nxp.mcuxpresso.tools.win32_11.1.0.201909161352/tools/bin/../lib/gcc/arm-none-eabi/8.3.1/../../../../arm-none-eabi/lib/thumb/v6-m/nofp\libcr_c.a(__init_alloc.o)
 .comment       0x00000076       0x77 c:/nxp/mcuxpressoide_11.1.0_3209/ide/plugins/com.nxp.mcuxpresso.tools.win32_11.1.0.201909161352/tools/bin/../lib/gcc/arm-none-eabi/8.3.1/../../../../arm-none-eabi/lib/thumb/v6-m/nofp\libcr_c.a(_cr_sbrk.o)
 .comment       0x00000076       0x77 c:/nxp/mcuxpressoide_11.1.0_3209/ide/plugins/com.nxp.mcuxpresso.tools.win32_11.1.0.201909161352/tools/bin/../lib/gcc/arm-none-eabi/8.3.1/../../../../arm-none-eabi/lib/thumb/v6-m/nofp\libcr_c.a(_fdopen.o)
 .comment       0x00000076       0x77 c:/nxp/mcuxpressoide_11.1.0_3209/ide/plugins/com.nxp.mcuxpresso.tools.win32_11.1.0.201909161352/tools/bin/../lib/gcc/arm-none-eabi/8.3.1/../../../../arm-none-eabi/lib/thumb/v6-m/nofp\libcr_c.a(errno.o)
 .comment       0x00000076       0x77 c:/nxp/mcuxpressoide_11.1.0_3209/ide/plugins/com.nxp.mcuxpresso.tools.win32_11.1.0.201909161352/tools/bin/../lib/gcc/arm-none-eabi/8.3.1/../../../../arm-none-eabi/lib/thumb/v6-m/nofp\libcr_c.a(fclose.o)
 .comment       0x00000076       0x77 c:/nxp/mcuxpressoide_11.1.0_3209/ide/plugins/com.nxp.mcuxpresso.tools.win32_11.1.0.201909161352/tools/bin/../lib/gcc/arm-none-eabi/8.3.1/../../../../arm-none-eabi/lib/thumb/v6-m/nofp\libcr_c.a(fflush.o)
 .comment       0x00000076       0x77 c:/nxp/mcuxpressoide_11.1.0_3209/ide/plugins/com.nxp.mcuxpresso.tools.win32_11.1.0.201909161352/tools/bin/../lib/gcc/arm-none-eabi/8.3.1/../../../../arm-none-eabi/lib/thumb/v6-m/nofp\libcr_c.a(remove.o)
 .comment       0x00000076       0x77 c:/nxp/mcuxpressoide_11.1.0_3209/ide/plugins/com.nxp.mcuxpresso.tools.win32_11.1.0.201909161352/tools/bin/../lib/gcc/arm-none-eabi/8.3.1/../../../../arm-none-eabi/lib/thumb/v6-m/nofp\libcr_c.a(_cr_check_heap.o)
 .comment       0x00000076       0x77 c:/nxp/mcuxpressoide_11.1.0_3209/ide/plugins/com.nxp.mcuxpresso.tools.win32_11.1.0.201909161352/tools/bin/../lib/gcc/arm-none-eabi/8.3.1/../../../../arm-none-eabi/lib/thumb/v6-m/nofp\libcr_c.a(_do_fflush.o)

.ARM.attributes
                0x00000000       0x2a
 .ARM.attributes
                0x00000000       0x2c ./utilities/fsl_debug_console.o
 .ARM.attributes
                0x0000002c       0x2c ./startup/startup_mkl25z4.o
 .ARM.attributes
                0x00000058       0x2c ./source/freertos_hello.o
 .ARM.attributes
                0x00000084       0x32 ./source/mtb.o
 .ARM.attributes
                0x000000b6       0x2c ./source/semihost_hardfault.o
 .ARM.attributes
                0x000000e2       0x2c ./freertos/fsl_tickless_lptmr.o
 .ARM.attributes
                0x0000010e       0x2c ./freertos/heap_4.o
 .ARM.attributes
                0x0000013a       0x2c ./freertos/list.o
 .ARM.attributes
                0x00000166       0x2c ./freertos/port.o
 .ARM.attributes
                0x00000192       0x2c ./freertos/queue.o
 .ARM.attributes
                0x000001be       0x2c ./freertos/tasks.o
 .ARM.attributes
                0x000001ea       0x2c ./freertos/timers.o
 .ARM.attributes
                0x00000216       0x2c ./drivers/fsl_clock.o
 .ARM.attributes
                0x00000242       0x2c ./drivers/fsl_lpsci.o
 .ARM.attributes
                0x0000026e       0x2c ./drivers/fsl_uart.o
 .ARM.attributes
                0x0000029a       0x2c ./board/board.o
 .ARM.attributes
                0x000002c6       0x2c ./board/clock_config.o
 .ARM.attributes
                0x000002f2       0x2c ./board/pin_mux.o
 .ARM.attributes
                0x0000031e       0x2c ./CMSIS/system_MKL25Z4.o
 .ARM.attributes
                0x0000034a       0x2c c:/nxp/mcuxpressoide_11.1.0_3209/ide/plugins/com.nxp.mcuxpresso.tools.win32_11.1.0.201909161352/tools/bin/../lib/gcc/arm-none-eabi/8.3.1/../../../../arm-none-eabi/lib/thumb/v6-m/nofp\libcr_semihost_nf.a(_cr__main.o)
 .ARM.attributes
                0x00000376       0x2c c:/nxp/mcuxpressoide_11.1.0_3209/ide/plugins/com.nxp.mcuxpresso.tools.win32_11.1.0.201909161352/tools/bin/../lib/gcc/arm-none-eabi/8.3.1/../../../../arm-none-eabi/lib/thumb/v6-m/nofp\libcr_semihost_nf.a(_cr_assert.o)
 .ARM.attributes
                0x000003a2       0x31 c:/nxp/mcuxpressoide_11.1.0_3209/ide/plugins/com.nxp.mcuxpresso.tools.win32_11.1.0.201909161352/tools/bin/../lib/gcc/arm-none-eabi/8.3.1/../../../../arm-none-eabi/lib/thumb/v6-m/nofp\libcr_semihost_nf.a(__ciob.o)
 .ARM.attributes
                0x000003d3       0x1c c:/nxp/mcuxpressoide_11.1.0_3209/ide/plugins/com.nxp.mcuxpresso.tools.win32_11.1.0.201909161352/tools/bin/../lib/gcc/arm-none-eabi/8.3.1/../../../../arm-none-eabi/lib/thumb/v6-m/nofp\libcr_semihost_nf.a(__sys_appexit.o)
 .ARM.attributes
                0x000003ef       0x2c c:/nxp/mcuxpressoide_11.1.0_3209/ide/plugins/com.nxp.mcuxpresso.tools.win32_11.1.0.201909161352/tools/bin/../lib/gcc/arm-none-eabi/8.3.1/../../../../arm-none-eabi/lib/thumb/v6-m/nofp\libcr_c.a(memcpy.o)
 .ARM.attributes
                0x0000041b       0x2c c:/nxp/mcuxpressoide_11.1.0_3209/ide/plugins/com.nxp.mcuxpresso.tools.win32_11.1.0.201909161352/tools/bin/../lib/gcc/arm-none-eabi/8.3.1/../../../../arm-none-eabi/lib/thumb/v6-m/nofp\libcr_c.a(memset.o)
 .ARM.attributes
                0x00000447       0x2c c:/nxp/mcuxpressoide_11.1.0_3209/ide/plugins/com.nxp.mcuxpresso.tools.win32_11.1.0.201909161352/tools/bin/../lib/gcc/arm-none-eabi/8.3.1/../../../../arm-none-eabi/lib/thumb/v6-m/nofp\libcr_c.a(_deferredlazyseek.o)
 .ARM.attributes
                0x00000473       0x2c c:/nxp/mcuxpressoide_11.1.0_3209/ide/plugins/com.nxp.mcuxpresso.tools.win32_11.1.0.201909161352/tools/bin/../lib/gcc/arm-none-eabi/8.3.1/../../../../arm-none-eabi/lib/thumb/v6-m/nofp\libcr_c.a(_fflush.o)
 .ARM.attributes
                0x0000049f       0x2c c:/nxp/mcuxpressoide_11.1.0_3209/ide/plugins/com.nxp.mcuxpresso.tools.win32_11.1.0.201909161352/tools/bin/../lib/gcc/arm-none-eabi/8.3.1/../../../../arm-none-eabi/lib/thumb/v6-m/nofp\libcr_c.a(_writebuf.o)
 .ARM.attributes
                0x000004cb       0x2c c:/nxp/mcuxpressoide_11.1.0_3209/ide/plugins/com.nxp.mcuxpresso.tools.win32_11.1.0.201909161352/tools/bin/../lib/gcc/arm-none-eabi/8.3.1/../../../../arm-none-eabi/lib/thumb/v6-m/nofp\libcr_c.a(alloc.o)
 .ARM.attributes
                0x000004f7       0x2c c:/nxp/mcuxpressoide_11.1.0_3209/ide/plugins/com.nxp.mcuxpresso.tools.win32_11.1.0.201909161352/tools/bin/../lib/gcc/arm-none-eabi/8.3.1/../../../../arm-none-eabi/lib/thumb/v6-m/nofp\libcr_c.a(fputs.o)
 .ARM.attributes
                0x00000523       0x2c c:/nxp/mcuxpressoide_11.1.0_3209/ide/plugins/com.nxp.mcuxpresso.tools.win32_11.1.0.201909161352/tools/bin/../lib/gcc/arm-none-eabi/8.3.1/../../../../arm-none-eabi/lib/thumb/v6-m/nofp\libcr_c.a(fseek.o)
 .ARM.attributes
                0x0000054f       0x2c c:/nxp/mcuxpressoide_11.1.0_3209/ide/plugins/com.nxp.mcuxpresso.tools.win32_11.1.0.201909161352/tools/bin/../lib/gcc/arm-none-eabi/8.3.1/../../../../arm-none-eabi/lib/thumb/v6-m/nofp\libcr_c.a(ftell.o)
 .ARM.attributes
                0x0000057b       0x2c c:/nxp/mcuxpressoide_11.1.0_3209/ide/plugins/com.nxp.mcuxpresso.tools.win32_11.1.0.201909161352/tools/bin/../lib/gcc/arm-none-eabi/8.3.1/../../../../arm-none-eabi/lib/thumb/v6-m/nofp\libcr_c.a(initio.o)
 .ARM.attributes
                0x000005a7       0x2c c:/nxp/mcuxpressoide_11.1.0_3209/ide/plugins/com.nxp.mcuxpresso.tools.win32_11.1.0.201909161352/tools/bin/../lib/gcc/arm-none-eabi/8.3.1/../../../../arm-none-eabi/lib/thumb/v6-m/nofp\libcr_c.a(printf.o)
 .ARM.attributes
                0x000005d3       0x2c c:/nxp/mcuxpressoide_11.1.0_3209/ide/plugins/com.nxp.mcuxpresso.tools.win32_11.1.0.201909161352/tools/bin/../lib/gcc/arm-none-eabi/8.3.1/../../../../arm-none-eabi/lib/thumb/v6-m/nofp\libcr_c.a(setvbuf.o)
 .ARM.attributes
                0x000005ff       0x2c c:/nxp/mcuxpressoide_11.1.0_3209/ide/plugins/com.nxp.mcuxpresso.tools.win32_11.1.0.201909161352/tools/bin/../lib/gcc/arm-none-eabi/8.3.1/../../../../arm-none-eabi/lib/thumb/v6-m/nofp\libcr_c.a(strlen.o)
 .ARM.attributes
                0x0000062b       0x2c c:/nxp/mcuxpressoide_11.1.0_3209/ide/plugins/com.nxp.mcuxpresso.tools.win32_11.1.0.201909161352/tools/bin/../lib/gcc/arm-none-eabi/8.3.1/../../../../arm-none-eabi/lib/thumb/v6-m/nofp\libcr_c.a(__init_alloc.o)
 .ARM.attributes
                0x00000657       0x2c c:/nxp/mcuxpressoide_11.1.0_3209/ide/plugins/com.nxp.mcuxpresso.tools.win32_11.1.0.201909161352/tools/bin/../lib/gcc/arm-none-eabi/8.3.1/../../../../arm-none-eabi/lib/thumb/v6-m/nofp\libcr_c.a(_cr_sbrk.o)
 .ARM.attributes
                0x00000683       0x2c c:/nxp/mcuxpressoide_11.1.0_3209/ide/plugins/com.nxp.mcuxpresso.tools.win32_11.1.0.201909161352/tools/bin/../lib/gcc/arm-none-eabi/8.3.1/../../../../arm-none-eabi/lib/thumb/v6-m/nofp\libcr_c.a(_fdopen.o)
 .ARM.attributes
                0x000006af       0x31 c:/nxp/mcuxpressoide_11.1.0_3209/ide/plugins/com.nxp.mcuxpresso.tools.win32_11.1.0.201909161352/tools/bin/../lib/gcc/arm-none-eabi/8.3.1/../../../../arm-none-eabi/lib/thumb/v6-m/nofp\libcr_c.a(errno.o)
 .ARM.attributes
                0x000006e0       0x2c c:/nxp/mcuxpressoide_11.1.0_3209/ide/plugins/com.nxp.mcuxpresso.tools.win32_11.1.0.201909161352/tools/bin/../lib/gcc/arm-none-eabi/8.3.1/../../../../arm-none-eabi/lib/thumb/v6-m/nofp\libcr_c.a(fclose.o)
 .ARM.attributes
                0x0000070c       0x2c c:/nxp/mcuxpressoide_11.1.0_3209/ide/plugins/com.nxp.mcuxpresso.tools.win32_11.1.0.201909161352/tools/bin/../lib/gcc/arm-none-eabi/8.3.1/../../../../arm-none-eabi/lib/thumb/v6-m/nofp\libcr_c.a(fflush.o)
 .ARM.attributes
                0x00000738       0x2c c:/nxp/mcuxpressoide_11.1.0_3209/ide/plugins/com.nxp.mcuxpresso.tools.win32_11.1.0.201909161352/tools/bin/../lib/gcc/arm-none-eabi/8.3.1/../../../../arm-none-eabi/lib/thumb/v6-m/nofp\libcr_c.a(remove.o)
 .ARM.attributes
                0x00000764       0x2c c:/nxp/mcuxpressoide_11.1.0_3209/ide/plugins/com.nxp.mcuxpresso.tools.win32_11.1.0.201909161352/tools/bin/../lib/gcc/arm-none-eabi/8.3.1/../../../../arm-none-eabi/lib/thumb/v6-m/nofp\libcr_c.a(_cr_check_heap.o)
 .ARM.attributes
                0x00000790       0x2c c:/nxp/mcuxpressoide_11.1.0_3209/ide/plugins/com.nxp.mcuxpresso.tools.win32_11.1.0.201909161352/tools/bin/../lib/gcc/arm-none-eabi/8.3.1/../../../../arm-none-eabi/lib/thumb/v6-m/nofp\libcr_c.a(_do_fflush.o)
 .ARM.attributes
                0x000007bc       0x1c c:/nxp/mcuxpressoide_11.1.0_3209/ide/plugins/com.nxp.mcuxpresso.tools.win32_11.1.0.201909161352/tools/bin/../lib/gcc/arm-none-eabi/8.3.1/thumb/v6-m/nofp\libcr_eabihelpers.a(division_32.o)
 .ARM.attributes
                0x000007d8       0x1c c:/nxp/mcuxpressoide_11.1.0_3209/ide/plugins/com.nxp.mcuxpresso.tools.win32_11.1.0.201909161352/tools/bin/../lib/gcc/arm-none-eabi/8.3.1/thumb/v6-m/nofp\libcr_eabihelpers.a(division_idiv0.o)
 .ARM.attributes
                0x000007f4       0x1c c:/nxp/mcuxpressoide_11.1.0_3209/ide/plugins/com.nxp.mcuxpresso.tools.win32_11.1.0.201909161352/tools/bin/../lib/gcc/arm-none-eabi/8.3.1/thumb/v6-m/nofp\libcr_eabihelpers.a(llong.o)
 .ARM.attributes
                0x00000810       0x1c c:/nxp/mcuxpressoide_11.1.0_3209/ide/plugins/com.nxp.mcuxpresso.tools.win32_11.1.0.201909161352/tools/bin/../lib/gcc/arm-none-eabi/8.3.1/thumb/v6-m/nofp\libcr_eabihelpers.a(memcpy.o)
 .ARM.attributes
                0x0000082c       0x1c c:/nxp/mcuxpressoide_11.1.0_3209/ide/plugins/com.nxp.mcuxpresso.tools.win32_11.1.0.201909161352/tools/bin/../lib/gcc/arm-none-eabi/8.3.1/../../../../arm-none-eabi/lib/thumb/v6-m/nofp\libcr_semihost_nf.a(__sys_close.o)
 .ARM.attributes
                0x00000848       0x1c c:/nxp/mcuxpressoide_11.1.0_3209/ide/plugins/com.nxp.mcuxpresso.tools.win32_11.1.0.201909161352/tools/bin/../lib/gcc/arm-none-eabi/8.3.1/../../../../arm-none-eabi/lib/thumb/v6-m/nofp\libcr_semihost_nf.a(__sys_flen.o)
 .ARM.attributes
                0x00000864       0x1c c:/nxp/mcuxpressoide_11.1.0_3209/ide/plugins/com.nxp.mcuxpresso.tools.win32_11.1.0.201909161352/tools/bin/../lib/gcc/arm-none-eabi/8.3.1/../../../../arm-none-eabi/lib/thumb/v6-m/nofp\libcr_semihost_nf.a(__sys_istty.o)
 .ARM.attributes
                0x00000880       0x1c c:/nxp/mcuxpressoide_11.1.0_3209/ide/plugins/com.nxp.mcuxpresso.tools.win32_11.1.0.201909161352/tools/bin/../lib/gcc/arm-none-eabi/8.3.1/../../../../arm-none-eabi/lib/thumb/v6-m/nofp\libcr_semihost_nf.a(__sys_remove.o)
 .ARM.attributes
                0x0000089c       0x1c c:/nxp/mcuxpressoide_11.1.0_3209/ide/plugins/com.nxp.mcuxpresso.tools.win32_11.1.0.201909161352/tools/bin/../lib/gcc/arm-none-eabi/8.3.1/../../../../arm-none-eabi/lib/thumb/v6-m/nofp\libcr_semihost_nf.a(__sys_seek.o)
 .ARM.attributes
                0x000008b8       0x1c c:/nxp/mcuxpressoide_11.1.0_3209/ide/plugins/com.nxp.mcuxpresso.tools.win32_11.1.0.201909161352/tools/bin/../lib/gcc/arm-none-eabi/8.3.1/../../../../arm-none-eabi/lib/thumb/v6-m/nofp\libcr_semihost_nf.a(__sys_tmpnam.o)
 .ARM.attributes
                0x000008d4       0x1c c:/nxp/mcuxpressoide_11.1.0_3209/ide/plugins/com.nxp.mcuxpresso.tools.win32_11.1.0.201909161352/tools/bin/../lib/gcc/arm-none-eabi/8.3.1/../../../../arm-none-eabi/lib/thumb/v6-m/nofp\libcr_semihost_nf.a(__sys_write.o)

.debug_frame    0x00000000     0x2760
 .debug_frame   0x00000000       0xcc ./utilities/fsl_debug_console.o
 .debug_frame   0x000000cc      0x3b0 ./startup/startup_mkl25z4.o
 .debug_frame   0x0000047c       0x50 ./source/freertos_hello.o
 .debug_frame   0x000004cc       0x20 ./source/semihost_hardfault.o
 .debug_frame   0x000004ec       0x2c ./freertos/fsl_tickless_lptmr.o
 .debug_frame   0x00000518       0xe4 ./freertos/heap_4.o
 .debug_frame   0x000005fc       0xb0 ./freertos/list.o
 .debug_frame   0x000006ac      0x154 ./freertos/port.o
 .debug_frame   0x00000800      0x410 ./freertos/queue.o
 .debug_frame   0x00000c10      0x73c ./freertos/tasks.o
 .debug_frame   0x0000134c      0x2c8 ./freertos/timers.o
 .debug_frame   0x00001614      0x6e0 ./drivers/fsl_clock.o
 .debug_frame   0x00001cf4      0x418 ./drivers/fsl_lpsci.o
 .debug_frame   0x0000210c      0x468 ./drivers/fsl_uart.o
 .debug_frame   0x00002574       0x50 ./board/board.o
 .debug_frame   0x000025c4       0xe4 ./board/clock_config.o
 .debug_frame   0x000026a8       0x6c ./board/pin_mux.o
 .debug_frame   0x00002714       0x4c ./CMSIS/system_MKL25Z4.o

Cross Reference Table

Symbol                                            File
ADC0_DriverIRQHandler                             ./startup/startup_mkl25z4.o
ADC0_IRQHandler                                   ./startup/startup_mkl25z4.o
BOARD_BootClockRUN                                ./board/clock_config.o
                                                  ./source/freertos_hello.o
BOARD_BootClockVLPR                               ./board/clock_config.o
BOARD_InitDebugConsole                            ./board/board.o
                                                  ./source/freertos_hello.o
BOARD_InitPins                                    ./board/pin_mux.o
                                                  ./source/freertos_hello.o
CLOCK_BootToBlpeMode                              ./drivers/fsl_clock.o
CLOCK_BootToBlpiMode                              ./drivers/fsl_clock.o
                                                  ./board/clock_config.o
CLOCK_BootToFeeMode                               ./drivers/fsl_clock.o
CLOCK_BootToFeiMode                               ./drivers/fsl_clock.o
CLOCK_BootToPeeMode                               ./drivers/fsl_clock.o
                                                  ./board/clock_config.o
CLOCK_CalcPllDiv                                  ./drivers/fsl_clock.o
CLOCK_ClearStatusFlags                            ./drivers/fsl_clock.o
CLOCK_DeinitOsc0                                  ./drivers/fsl_clock.o
CLOCK_EnablePll0                                  ./drivers/fsl_clock.o
CLOCK_EnableUsbfs0Clock                           ./drivers/fsl_clock.o
CLOCK_ExternalModeToFbeModeQuick                  ./drivers/fsl_clock.o
CLOCK_FllStableDelay                              ./drivers/fsl_clock.o
CLOCK_GetBusClkFreq                               ./drivers/fsl_clock.o
CLOCK_GetCoreSysClkFreq                           ./drivers/fsl_clock.o
CLOCK_GetEr32kClkFreq                             ./drivers/fsl_clock.o
CLOCK_GetFixedFreqClkFreq                         ./drivers/fsl_clock.o
CLOCK_GetFlashClkFreq                             ./drivers/fsl_clock.o
CLOCK_GetFllFreq                                  ./drivers/fsl_clock.o
CLOCK_GetFreq                                     ./drivers/fsl_clock.o
CLOCK_GetInternalRefClkFreq                       ./drivers/fsl_clock.o
CLOCK_GetMode                                     ./drivers/fsl_clock.o
CLOCK_GetOsc0ErClkFreq                            ./drivers/fsl_clock.o
CLOCK_GetOutClkFreq                               ./drivers/fsl_clock.o
CLOCK_GetPlatClkFreq                              ./drivers/fsl_clock.o
CLOCK_GetPll0Freq                                 ./drivers/fsl_clock.o
CLOCK_GetPllFllSelClkFreq                         ./drivers/fsl_clock.o
                                                  ./board/board.o
CLOCK_GetStatusFlags                              ./drivers/fsl_clock.o
CLOCK_InitOsc0                                    ./drivers/fsl_clock.o
                                                  ./board/clock_config.o
CLOCK_InternalModeToFbiModeQuick                  ./drivers/fsl_clock.o
CLOCK_SetBlpeMode                                 ./drivers/fsl_clock.o
CLOCK_SetBlpiMode                                 ./drivers/fsl_clock.o
CLOCK_SetExternalRefClkConfig                     ./drivers/fsl_clock.o
CLOCK_SetFbeMode                                  ./drivers/fsl_clock.o
CLOCK_SetFbiMode                                  ./drivers/fsl_clock.o
CLOCK_SetFeeMode                                  ./drivers/fsl_clock.o
CLOCK_SetFeiMode                                  ./drivers/fsl_clock.o
CLOCK_SetInternalRefClkConfig                     ./drivers/fsl_clock.o
                                                  ./board/clock_config.o
CLOCK_SetMcgConfig                                ./drivers/fsl_clock.o
CLOCK_SetOsc0MonitorMode                          ./drivers/fsl_clock.o
CLOCK_SetPbeMode                                  ./drivers/fsl_clock.o
CLOCK_SetPeeMode                                  ./drivers/fsl_clock.o
CLOCK_SetPll0MonitorMode                          ./drivers/fsl_clock.o
CLOCK_SetSimConfig                                ./drivers/fsl_clock.o
                                                  ./board/clock_config.o
CLOCK_TrimInternalRefClk                          ./drivers/fsl_clock.o
CMP0_DriverIRQHandler                             ./startup/startup_mkl25z4.o
CMP0_IRQHandler                                   ./startup/startup_mkl25z4.o
DAC0_DriverIRQHandler                             ./startup/startup_mkl25z4.o
DAC0_IRQHandler                                   ./startup/startup_mkl25z4.o
DMA0_DriverIRQHandler                             ./startup/startup_mkl25z4.o
DMA0_IRQHandler                                   ./startup/startup_mkl25z4.o
DMA1_DriverIRQHandler                             ./startup/startup_mkl25z4.o
DMA1_IRQHandler                                   ./startup/startup_mkl25z4.o
DMA2_DriverIRQHandler                             ./startup/startup_mkl25z4.o
DMA2_IRQHandler                                   ./startup/startup_mkl25z4.o
DMA3_DriverIRQHandler                             ./startup/startup_mkl25z4.o
DMA3_IRQHandler                                   ./startup/startup_mkl25z4.o
DbgConsole_Deinit                                 ./utilities/fsl_debug_console.o
DbgConsole_Init                                   ./utilities/fsl_debug_console.o
                                                  ./board/board.o
FLASH_Erase                                       ./drivers/fsl_flash.o
FLASH_EraseAll                                    ./drivers/fsl_flash.o
FLASH_EraseAllExecuteOnlySegments                 ./drivers/fsl_flash.o
FLASH_GetProperty                                 ./drivers/fsl_flash.o
FLASH_GetSecurityState                            ./drivers/fsl_flash.o
FLASH_Init                                        ./drivers/fsl_flash.o
FLASH_IsExecuteOnly                               ./drivers/fsl_flash.o
FLASH_IsProtected                                 ./drivers/fsl_flash.o
FLASH_PflashGetPrefetchSpeculation                ./drivers/fsl_flash.o
FLASH_PflashGetProtection                         ./drivers/fsl_flash.o
FLASH_PflashSetPrefetchSpeculation                ./drivers/fsl_flash.o
                                                  ./drivers/fsl_smc.o
FLASH_PflashSetProtection                         ./drivers/fsl_flash.o
FLASH_PrepareExecuteInRamFunctions                ./drivers/fsl_flash.o
FLASH_Program                                     ./drivers/fsl_flash.o
FLASH_ProgramOnce                                 ./drivers/fsl_flash.o
FLASH_ReadOnce                                    ./drivers/fsl_flash.o
FLASH_ReadResource                                ./drivers/fsl_flash.o
FLASH_SecurityBypass                              ./drivers/fsl_flash.o
FLASH_SetCallback                                 ./drivers/fsl_flash.o
FLASH_SetProperty                                 ./drivers/fsl_flash.o
FLASH_VerifyErase                                 ./drivers/fsl_flash.o
FLASH_VerifyEraseAll                              ./drivers/fsl_flash.o
FLASH_VerifyEraseAllExecuteOnlySegments           ./drivers/fsl_flash.o
FLASH_VerifyProgram                               ./drivers/fsl_flash.o
FTFA_DriverIRQHandler                             ./startup/startup_mkl25z4.o
FTFA_IRQHandler                                   ./startup/startup_mkl25z4.o
Flash_Config                                      ./startup/startup_mkl25z4.o
FreeRTOSDebugConfig                               ./freertos/tasks.o
GPIO_ClearPinsInterruptFlags                      ./drivers/fsl_gpio.o
GPIO_GetPinsInterruptFlags                        ./drivers/fsl_gpio.o
GPIO_PinInit                                      ./drivers/fsl_gpio.o
HardFault_Handler                                 ./source/semihost_hardfault.o
                                                  ./startup/startup_mkl25z4.o
I2C0_DriverIRQHandler                             ./startup/startup_mkl25z4.o
I2C0_IRQHandler                                   ./startup/startup_mkl25z4.o
I2C1_DriverIRQHandler                             ./startup/startup_mkl25z4.o
I2C1_IRQHandler                                   ./startup/startup_mkl25z4.o
InstallIRQHandler                                 ./drivers/fsl_common.o
IntDefaultHandler                                 ./startup/startup_mkl25z4.o
LLWU_DriverIRQHandler                             ./startup/startup_mkl25z4.o
LLWU_IRQHandler                                   ./startup/startup_mkl25z4.o
LPSCI_ClearStatusFlags                            ./drivers/fsl_lpsci.o
                                                  ./drivers/fsl_lpsci_freertos.o
LPSCI_Deinit                                      ./drivers/fsl_lpsci.o
                                                  ./drivers/fsl_lpsci_freertos.o
                                                  ./utilities/fsl_debug_console.o
LPSCI_DisableInterrupts                           ./drivers/fsl_lpsci.o
LPSCI_EnableInterrupts                            ./drivers/fsl_lpsci.o
LPSCI_GetDefaultConfig                            ./drivers/fsl_lpsci.o
                                                  ./drivers/fsl_lpsci_freertos.o
                                                  ./utilities/fsl_debug_console.o
LPSCI_GetEnabledInterrupts                        ./drivers/fsl_lpsci.o
LPSCI_GetInstance                                 ./drivers/fsl_lpsci.o
LPSCI_GetStatusFlags                              ./drivers/fsl_lpsci.o
LPSCI_Init                                        ./drivers/fsl_lpsci.o
                                                  ./drivers/fsl_lpsci_freertos.o
                                                  ./utilities/fsl_debug_console.o
LPSCI_RTOS_Deinit                                 ./drivers/fsl_lpsci_freertos.o
LPSCI_RTOS_Init                                   ./drivers/fsl_lpsci_freertos.o
LPSCI_RTOS_Receive                                ./drivers/fsl_lpsci_freertos.o
LPSCI_RTOS_Send                                   ./drivers/fsl_lpsci_freertos.o
LPSCI_ReadBlocking                                ./drivers/fsl_lpsci.o
                                                  ./utilities/fsl_debug_console.o
LPSCI_SetBaudRate                                 ./drivers/fsl_lpsci.o
LPSCI_TransferAbortReceive                        ./drivers/fsl_lpsci.o
                                                  ./drivers/fsl_lpsci_freertos.o
LPSCI_TransferAbortSend                           ./drivers/fsl_lpsci.o
LPSCI_TransferCreateHandle                        ./drivers/fsl_lpsci.o
                                                  ./drivers/fsl_lpsci_freertos.o
LPSCI_TransferGetReceiveCount                     ./drivers/fsl_lpsci.o
LPSCI_TransferGetSendCount                        ./drivers/fsl_lpsci.o
LPSCI_TransferHandleErrorIRQ                      ./drivers/fsl_lpsci.o
LPSCI_TransferHandleIRQ                           ./drivers/fsl_lpsci.o
LPSCI_TransferReceiveNonBlocking                  ./drivers/fsl_lpsci.o
                                                  ./drivers/fsl_lpsci_freertos.o
LPSCI_TransferSendNonBlocking                     ./drivers/fsl_lpsci.o
                                                  ./drivers/fsl_lpsci_freertos.o
LPSCI_TransferStartRingBuffer                     ./drivers/fsl_lpsci.o
                                                  ./drivers/fsl_lpsci_freertos.o
LPSCI_TransferStopRingBuffer                      ./drivers/fsl_lpsci.o
LPSCI_WriteBlocking                               ./drivers/fsl_lpsci.o
                                                  ./utilities/fsl_debug_console.o
LPTMR0_DriverIRQHandler                           ./startup/startup_mkl25z4.o
LPTMR0_IRQHandler                                 ./startup/startup_mkl25z4.o
LVD_LVW_DriverIRQHandler                          ./startup/startup_mkl25z4.o
LVD_LVW_IRQHandler                                ./startup/startup_mkl25z4.o
MCG_DriverIRQHandler                              ./startup/startup_mkl25z4.o
MCG_IRQHandler                                    ./startup/startup_mkl25z4.o
NMI_Handler                                       ./startup/startup_mkl25z4.o
PIT_DriverIRQHandler                              ./startup/startup_mkl25z4.o
PIT_IRQHandler                                    ./startup/startup_mkl25z4.o
PORTA_DriverIRQHandler                            ./startup/startup_mkl25z4.o
PORTA_IRQHandler                                  ./startup/startup_mkl25z4.o
PORTD_DriverIRQHandler                            ./startup/startup_mkl25z4.o
PORTD_IRQHandler                                  ./startup/startup_mkl25z4.o
PendSV_Handler                                    ./freertos/port.o
                                                  ./startup/startup_mkl25z4.o
RTC_DriverIRQHandler                              ./startup/startup_mkl25z4.o